Component: ARM Compiler 5.06 update 1 (build 61) Tool: armlink [4d35a8]

==============================================================================

Section Cross References

    debug_frmwrk.o(i.UART0Init) refers to system_lpc177x_8x.o(.data) for PeripheralClock
    debug_frmwrk.o(i.UARTGetChar) refers to lpc177x_8x_uart.o(i.UART_Receive) for UART_Receive
    debug_frmwrk.o(i.UARTGetCharInNonBlock) refers to lpc177x_8x_uart.o(i.UART_Receive) for UART_Receive
    debug_frmwrk.o(i.UARTGetValue) refers to lpc177x_8x_uart.o(i.UART_Receive) for UART_Receive
    debug_frmwrk.o(i.UARTGetValue) refers to debug_frmwrk.o(i.UARTPuts) for UARTPuts
    debug_frmwrk.o(i.UARTGetValue) refers to debug_frmwrk.o(i.UARTPutChar) for UARTPutChar
    debug_frmwrk.o(i.UARTGetValue) refers to debug_frmwrk.o(.conststring) for .conststring
    debug_frmwrk.o(i.UARTPutChar) refers to lpc177x_8x_uart.o(i.UART_Send) for UART_Send
    debug_frmwrk.o(i.UARTPutDec) refers to debug_frmwrk.o(i.UARTPutChar) for UARTPutChar
    debug_frmwrk.o(i.UARTPutDec16) refers to debug_frmwrk.o(i.UARTPutChar) for UARTPutChar
    debug_frmwrk.o(i.UARTPutDec32) refers to debug_frmwrk.o(i.UARTPutChar) for UARTPutChar
    debug_frmwrk.o(i.UARTPutHex) refers to debug_frmwrk.o(i.UARTPuts) for UARTPuts
    debug_frmwrk.o(i.UARTPutHex) refers to debug_frmwrk.o(i.UARTPutChar) for UARTPutChar
    debug_frmwrk.o(i.UARTPutHex16) refers to debug_frmwrk.o(i.UARTPuts) for UARTPuts
    debug_frmwrk.o(i.UARTPutHex16) refers to debug_frmwrk.o(i.UARTPutChar) for UARTPutChar
    debug_frmwrk.o(i.UARTPutHex16_) refers to debug_frmwrk.o(i.UARTPutChar) for UARTPutChar
    debug_frmwrk.o(i.UARTPutHex32) refers to debug_frmwrk.o(i.UARTPuts) for UARTPuts
    debug_frmwrk.o(i.UARTPutHex32) refers to debug_frmwrk.o(i.UARTPutChar) for UARTPutChar
    debug_frmwrk.o(i.UARTPutHex32_) refers to debug_frmwrk.o(i.UARTPutChar) for UARTPutChar
    debug_frmwrk.o(i.UARTPutHex_) refers to debug_frmwrk.o(i.UARTPutChar) for UARTPutChar
    debug_frmwrk.o(i.UARTPuts) refers to debug_frmwrk.o(i.UARTPutChar) for UARTPutChar
    debug_frmwrk.o(i.UARTPuts_) refers to debug_frmwrk.o(i.UARTPuts) for UARTPuts
    debug_frmwrk.o(i.debug_frmwrk_init) refers to lpc177x_8x_pinsel.o(i.PINSEL_ConfigPin) for PINSEL_ConfigPin
    debug_frmwrk.o(i.debug_frmwrk_init) refers to lpc177x_8x_uart.o(i.UART_ConfigStructInit) for UART_ConfigStructInit
    debug_frmwrk.o(i.debug_frmwrk_init) refers to lpc177x_8x_uart.o(i.UART_Init) for UART_Init
    debug_frmwrk.o(i.debug_frmwrk_init) refers to lpc177x_8x_uart.o(i.UART_TxCmd) for UART_TxCmd
    debug_frmwrk.o(i.debug_frmwrk_init) refers to debug_frmwrk.o(i.UARTPuts) for UARTPuts
    debug_frmwrk.o(i.debug_frmwrk_init) refers to debug_frmwrk.o(.data) for _db_msg
    debug_frmwrk.o(i.debug_frmwrk_init) refers to debug_frmwrk.o(i.UARTPuts_) for UARTPuts_
    debug_frmwrk.o(i.debug_frmwrk_init) refers to debug_frmwrk.o(i.UARTPutChar) for UARTPutChar
    debug_frmwrk.o(i.debug_frmwrk_init) refers to debug_frmwrk.o(i.UARTPutHex) for UARTPutHex
    debug_frmwrk.o(i.debug_frmwrk_init) refers to debug_frmwrk.o(i.UARTPutHex16) for UARTPutHex16
    debug_frmwrk.o(i.debug_frmwrk_init) refers to debug_frmwrk.o(i.UARTPutHex32) for UARTPutHex32
    debug_frmwrk.o(i.debug_frmwrk_init) refers to debug_frmwrk.o(i.UARTPutHex_) for UARTPutHex_
    debug_frmwrk.o(i.debug_frmwrk_init) refers to debug_frmwrk.o(i.UARTPutHex16_) for UARTPutHex16_
    debug_frmwrk.o(i.debug_frmwrk_init) refers to debug_frmwrk.o(i.UARTPutHex32_) for UARTPutHex32_
    debug_frmwrk.o(i.debug_frmwrk_init) refers to debug_frmwrk.o(i.UARTPutDec) for UARTPutDec
    debug_frmwrk.o(i.debug_frmwrk_init) refers to debug_frmwrk.o(i.UARTPutDec16) for UARTPutDec16
    debug_frmwrk.o(i.debug_frmwrk_init) refers to debug_frmwrk.o(i.UARTPutDec32) for UARTPutDec32
    debug_frmwrk.o(i.debug_frmwrk_init) refers to debug_frmwrk.o(i.UARTGetChar) for UARTGetChar
    debug_frmwrk.o(i.debug_frmwrk_init) refers to debug_frmwrk.o(i.UARTGetValue) for UARTGetValue
    debug_frmwrk.o(i.debug_frmwrk_init) refers to debug_frmwrk.o(i.UARTGetCharInNonBlock) for UARTGetCharInNonBlock
    lpc177x_8x_crc.o(i.CRC_Init) refers to lpc177x_8x_crc.o(.data) for crc_cur_type
    lpc177x_8x_crc.o(i.CRC_Reset) refers to lpc177x_8x_crc.o(.data) for crc_cur_type
    lpc177x_8x_pinsel.o(i.PINSEL_ConfigPin) refers to lpc177x_8x_pinsel.o(i.PIN_GetPointer) for PIN_GetPointer
    lpc177x_8x_pinsel.o(i.PINSEL_DacEnable) refers to lpc177x_8x_pinsel.o(i.PIN_GetPointer) for PIN_GetPointer
    lpc177x_8x_pinsel.o(i.PINSEL_SetAnalogPinMode) refers to lpc177x_8x_pinsel.o(i.PIN_GetPointer) for PIN_GetPointer
    lpc177x_8x_pinsel.o(i.PINSEL_SetFilter) refers to lpc177x_8x_pinsel.o(i.PIN_GetPointer) for PIN_GetPointer
    lpc177x_8x_pinsel.o(i.PINSEL_SetHysMode) refers to lpc177x_8x_pinsel.o(i.PIN_GetPointer) for PIN_GetPointer
    lpc177x_8x_pinsel.o(i.PINSEL_SetI2CMode) refers to lpc177x_8x_pinsel.o(i.PIN_GetPointer) for PIN_GetPointer
    lpc177x_8x_pinsel.o(i.PINSEL_SetInBufMode) refers to lpc177x_8x_pinsel.o(i.PIN_GetPointer) for PIN_GetPointer
    lpc177x_8x_pinsel.o(i.PINSEL_SetOpenDrainMode) refers to lpc177x_8x_pinsel.o(i.PIN_GetPointer) for PIN_GetPointer
    lpc177x_8x_pinsel.o(i.PINSEL_SetPinMode) refers to lpc177x_8x_pinsel.o(i.PIN_GetPointer) for PIN_GetPointer
    lpc177x_8x_pinsel.o(i.PINSEL_SetSlewMode) refers to lpc177x_8x_pinsel.o(i.PIN_GetPointer) for PIN_GetPointer
    lpc177x_8x_uart.o(i.UART_DeInit) refers to lpc177x_8x_uart.o(i.UART_TxCmd) for UART_TxCmd
    lpc177x_8x_uart.o(i.UART_DeInit) refers to lpc177x_8x_clkpwr.o(i.CLKPWR_ConfigPPWR) for CLKPWR_ConfigPPWR
    lpc177x_8x_uart.o(i.UART_Init) refers to lpc177x_8x_clkpwr.o(i.CLKPWR_ConfigPPWR) for CLKPWR_ConfigPPWR
    lpc177x_8x_uart.o(i.UART_Init) refers to lpc177x_8x_uart.o(i.uart_set_divisors) for uart_set_divisors
    lpc177x_8x_uart.o(i.UART_RS485Send) refers to lpc177x_8x_uart.o(i.UART_Send) for UART_Send
    lpc177x_8x_uart.o(i.UART_RS485SendData) refers to lpc177x_8x_uart.o(i.UART_RS485Send) for UART_RS485Send
    lpc177x_8x_uart.o(i.UART_RS485SendSlvAddr) refers to lpc177x_8x_uart.o(i.UART_RS485Send) for UART_RS485Send
    lpc177x_8x_uart.o(i.UART_Receive) refers to lpc177x_8x_uart.o(i.UART_ReceiveByte) for UART_ReceiveByte
    lpc177x_8x_uart.o(i.UART_Send) refers to lpc177x_8x_uart.o(i.UART_SendByte) for UART_SendByte
    lpc177x_8x_uart.o(i.uart_set_divisors) refers to lpc177x_8x_clkpwr.o(i.CLKPWR_GetCLK) for CLKPWR_GetCLK
    lpc177x_8x_uart.o(i.uart_set_divisors) refers to lludivv7m.o(.text) for __aeabi_uldivmod
    lpc177x_8x_clkpwr.o(i.CLKPWR_GetCLK) refers to system_lpc177x_8x.o(.data) for SystemCoreClock
    lpc177x_8x_clkpwr.o(i.CLKPWR_SetCLKDiv) refers to system_lpc177x_8x.o(i.SystemCoreClockUpdate) for SystemCoreClockUpdate
    lpc177x_8x_iap.o(i.BlankCheckSector) refers to lpc177x_8x_iap.o(.data) for iap_entry
    lpc177x_8x_iap.o(i.Compare) refers to lpc177x_8x_iap.o(.data) for iap_entry
    lpc177x_8x_iap.o(i.CopyRAM2Flash) refers to lpc177x_8x_iap.o(i.GetSecNum) for GetSecNum
    lpc177x_8x_iap.o(i.CopyRAM2Flash) refers to lpc177x_8x_iap.o(i.PrepareSector) for PrepareSector
    lpc177x_8x_iap.o(i.CopyRAM2Flash) refers to lpc177x_8x_clkpwr.o(i.CLKPWR_GetCLK) for CLKPWR_GetCLK
    lpc177x_8x_iap.o(i.CopyRAM2Flash) refers to debug_frmwrk.o(.data) for _db_msg
    lpc177x_8x_iap.o(i.CopyRAM2Flash) refers to lpc177x_8x_iap.o(.data) for iap_entry
    lpc177x_8x_iap.o(i.EraseSector) refers to lpc177x_8x_iap.o(i.PrepareSector) for PrepareSector
    lpc177x_8x_iap.o(i.EraseSector) refers to lpc177x_8x_clkpwr.o(i.CLKPWR_GetCLK) for CLKPWR_GetCLK
    lpc177x_8x_iap.o(i.EraseSector) refers to lpc177x_8x_iap.o(.data) for iap_entry
    lpc177x_8x_iap.o(i.InvokeISP) refers to lpc177x_8x_iap.o(.data) for iap_entry
    lpc177x_8x_iap.o(i.PrepareSector) refers to lpc177x_8x_iap.o(.data) for iap_entry
    lpc177x_8x_iap.o(i.ReadBootCodeVer) refers to lpc177x_8x_iap.o(.data) for iap_entry
    lpc177x_8x_iap.o(i.ReadDeviceSerialNum) refers to lpc177x_8x_iap.o(.data) for iap_entry
    lpc177x_8x_iap.o(i.ReadPartID) refers to lpc177x_8x_iap.o(.data) for iap_entry
    lpc177x_8x_systick.o(i.SYSTICK_ExternalInit) refers to fflt_clz.o(x$fpl$ffltu) for __aeabi_ui2f
    lpc177x_8x_systick.o(i.SYSTICK_ExternalInit) refers to frleqf.o(x$fpl$frleqf) for __aeabi_cfrcmple
    lpc177x_8x_systick.o(i.SYSTICK_InternalInit) refers to lpc177x_8x_clkpwr.o(i.CLKPWR_GetCLK) for CLKPWR_GetCLK
    lpc177x_8x_systick.o(i.SYSTICK_InternalInit) refers to fflt_clz.o(x$fpl$ffltu) for __aeabi_ui2f
    lpc177x_8x_systick.o(i.SYSTICK_InternalInit) refers to frleqf.o(x$fpl$frleqf) for __aeabi_cfrcmple
    lpc177x_8x_gpio.o(i.FIO_ByteClearValue) refers to lpc177x_8x_gpio.o(i.FIO_ByteGetPointer) for FIO_ByteGetPointer
    lpc177x_8x_gpio.o(i.FIO_ByteReadValue) refers to lpc177x_8x_gpio.o(i.FIO_ByteGetPointer) for FIO_ByteGetPointer
    lpc177x_8x_gpio.o(i.FIO_ByteSetDir) refers to lpc177x_8x_gpio.o(i.FIO_ByteGetPointer) for FIO_ByteGetPointer
    lpc177x_8x_gpio.o(i.FIO_ByteSetMask) refers to lpc177x_8x_gpio.o(i.FIO_ByteGetPointer) for FIO_ByteGetPointer
    lpc177x_8x_gpio.o(i.FIO_ByteSetValue) refers to lpc177x_8x_gpio.o(i.FIO_ByteGetPointer) for FIO_ByteGetPointer
    lpc177x_8x_gpio.o(i.FIO_ClearInt) refers to lpc177x_8x_gpio.o(i.GPIO_ClearInt) for GPIO_ClearInt
    lpc177x_8x_gpio.o(i.FIO_ClearValue) refers to lpc177x_8x_gpio.o(i.GPIO_ClearValue) for GPIO_ClearValue
    lpc177x_8x_gpio.o(i.FIO_GetIntStatus) refers to lpc177x_8x_gpio.o(i.GPIO_GetIntStatus) for GPIO_GetIntStatus
    lpc177x_8x_gpio.o(i.FIO_HalfWordClearValue) refers to lpc177x_8x_gpio.o(i.FIO_HalfWordGetPointer) for FIO_HalfWordGetPointer
    lpc177x_8x_gpio.o(i.FIO_HalfWordReadValue) refers to lpc177x_8x_gpio.o(i.FIO_HalfWordGetPointer) for FIO_HalfWordGetPointer
    lpc177x_8x_gpio.o(i.FIO_HalfWordSetDir) refers to lpc177x_8x_gpio.o(i.FIO_HalfWordGetPointer) for FIO_HalfWordGetPointer
    lpc177x_8x_gpio.o(i.FIO_HalfWordSetMask) refers to lpc177x_8x_gpio.o(i.FIO_HalfWordGetPointer) for FIO_HalfWordGetPointer
    lpc177x_8x_gpio.o(i.FIO_HalfWordSetValue) refers to lpc177x_8x_gpio.o(i.FIO_HalfWordGetPointer) for FIO_HalfWordGetPointer
    lpc177x_8x_gpio.o(i.FIO_IntCmd) refers to lpc177x_8x_gpio.o(i.GPIO_IntCmd) for GPIO_IntCmd
    lpc177x_8x_gpio.o(i.FIO_ReadValue) refers to lpc177x_8x_gpio.o(i.GPIO_ReadValue) for GPIO_ReadValue
    lpc177x_8x_gpio.o(i.FIO_SetDir) refers to lpc177x_8x_gpio.o(i.GPIO_SetDir) for GPIO_SetDir
    lpc177x_8x_gpio.o(i.FIO_SetMask) refers to lpc177x_8x_gpio.o(i.GPIO_GetPointer) for GPIO_GetPointer
    lpc177x_8x_gpio.o(i.FIO_SetValue) refers to lpc177x_8x_gpio.o(i.GPIO_SetValue) for GPIO_SetValue
    lpc177x_8x_gpio.o(i.GPIO_ClearValue) refers to lpc177x_8x_gpio.o(i.GPIO_GetPointer) for GPIO_GetPointer
    lpc177x_8x_gpio.o(i.GPIO_Deinit) refers to lpc177x_8x_clkpwr.o(i.CLKPWR_ConfigPPWR) for CLKPWR_ConfigPPWR
    lpc177x_8x_gpio.o(i.GPIO_Init) refers to lpc177x_8x_clkpwr.o(i.CLKPWR_ConfigPPWR) for CLKPWR_ConfigPPWR
    lpc177x_8x_gpio.o(i.GPIO_OutputValue) refers to lpc177x_8x_gpio.o(i.GPIO_ClearValue) for GPIO_ClearValue
    lpc177x_8x_gpio.o(i.GPIO_OutputValue) refers to lpc177x_8x_gpio.o(i.GPIO_SetValue) for GPIO_SetValue
    lpc177x_8x_gpio.o(i.GPIO_ReadValue) refers to lpc177x_8x_gpio.o(i.GPIO_GetPointer) for GPIO_GetPointer
    lpc177x_8x_gpio.o(i.GPIO_SetDir) refers to lpc177x_8x_gpio.o(i.GPIO_GetPointer) for GPIO_GetPointer
    lpc177x_8x_gpio.o(i.GPIO_SetValue) refers to lpc177x_8x_gpio.o(i.GPIO_GetPointer) for GPIO_GetPointer
    main.o(i.SysTick_Handler) refers to lpc177x_8x_systick.o(i.SYSTICK_ClearCounterFlag) for SYSTICK_ClearCounterFlag
    main.o(i.SysTick_Handler) refers to lpc177x_8x_systick.o(i.SYSTICK_IntCmd) for SYSTICK_IntCmd
    main.o(i.SysTick_Handler) refers to lpc177x_8x_systick.o(i.SYSTICK_Cmd) for SYSTICK_Cmd
    main.o(i.SysTick_Handler) refers to main.o(i.runAPP_func) for runAPP_func
    main.o(i.SysTick_Handler) refers to main.o(.data) for DelayCount
    main.o(i.main) refers to system_lpc177x_8x.o(i.SystemInit) for SystemInit
    main.o(i.main) refers to lpc177x_8x_systick.o(i.SYSTICK_InternalInit) for SYSTICK_InternalInit
    main.o(i.main) refers to lpc177x_8x_systick.o(i.SYSTICK_IntCmd) for SYSTICK_IntCmd
    main.o(i.main) refers to lpc177x_8x_systick.o(i.SYSTICK_Cmd) for SYSTICK_Cmd
    main.o(i.main) refers to debug_frmwrk.o(i.debug_frmwrk_init) for debug_frmwrk_init
    main.o(i.main) refers to debug_frmwrk.o(i.UARTGetChar) for UARTGetChar
    main.o(i.main) refers to strstr.o(.text) for strstr
    main.o(i.main) refers to cmd_process.o(i.IAP_Cmd_Run) for IAP_Cmd_Run
    main.o(i.main) refers to debug_frmwrk.o(.data) for _db_msg
    main.o(i.main) refers to main.o(.data) for cmd_flag
    main.o(i.main) refers to main.o(.bss) for Recieve_cmd_arry
    main.o(i.runAPP_func) refers to debug_frmwrk.o(.data) for _db_msg
    main.o(i.runAPP_func) refers to main.o(.data) for IAP_JUMP_APP_FLAG
    startup_lpc17xx.o(STACK) refers (Special) to system_lpc177x_8x.o(i.SystemInit) for SystemInit
    startup_lpc17xx.o(STACK) refers (Special) to heapauxi.o(.text) for __use_two_region_memory
    startup_lpc17xx.o(HEAP) refers (Special) to system_lpc177x_8x.o(i.SystemInit) for SystemInit
    startup_lpc17xx.o(HEAP) refers (Special) to heapauxi.o(.text) for __use_two_region_memory
    startup_lpc17xx.o(RESET) refers (Special) to system_lpc177x_8x.o(i.SystemInit) for SystemInit
    startup_lpc17xx.o(RESET) refers (Special) to heapauxi.o(.text) for __use_two_region_memory
    startup_lpc17xx.o(RESET) refers to startup_lpc17xx.o(STACK) for __initial_sp
    startup_lpc17xx.o(RESET) refers to startup_lpc17xx.o(.text) for Reset_Handler
    startup_lpc17xx.o(RESET) refers to main.o(i.SysTick_Handler) for SysTick_Handler
    startup_lpc17xx.o(.ARM.__at_0x02FC) refers (Special) to system_lpc177x_8x.o(i.SystemInit) for SystemInit
    startup_lpc17xx.o(.ARM.__at_0x02FC) refers (Special) to heapauxi.o(.text) for __use_two_region_memory
    startup_lpc17xx.o(.text) refers (Special) to system_lpc177x_8x.o(i.SystemInit) for SystemInit
    startup_lpc17xx.o(.text) refers (Special) to heapauxi.o(.text) for __use_two_region_memory
    startup_lpc17xx.o(.text) refers to main.o(.data) for IAP_JUMP_APP_FLAG
    startup_lpc17xx.o(.text) refers to __main.o(!!!main) for __main
    startup_lpc17xx.o(.text) refers to startup_lpc17xx.o(HEAP) for Heap_Mem
    startup_lpc17xx.o(.text) refers to startup_lpc17xx.o(STACK) for Stack_Mem
    system_lpc177x_8x.o(i.SystemCoreClockUpdate) refers to system_lpc177x_8x.o(.data) for SystemCoreClock
    cmd_process.o(i.IAP_Cmd_Run) refers to cmd_process.o(i.updata_func) for updata_func
    cmd_process.o(i.IAP_Cmd_Run) refers to main.o(i.runAPP_func) for runAPP_func
    cmd_process.o(i.IAP_Cmd_Run) refers to cmd_process.o(.data) for flag
    cmd_process.o(i.updata_func) refers to lpc177x_8x_iap.o(i.GetSecNum) for GetSecNum
    cmd_process.o(i.updata_func) refers to lpc177x_8x_crc.o(i.CRC_Init) for CRC_Init
    cmd_process.o(i.updata_func) refers to debug_frmwrk.o(i.UARTGetChar) for UARTGetChar
    cmd_process.o(i.updata_func) refers to lpc177x_8x_crc.o(i.CRC_CalcBlockChecksum) for CRC_CalcBlockChecksum
    cmd_process.o(i.updata_func) refers to lpc177x_8x_iap.o(i.ReadPartID) for ReadPartID
    cmd_process.o(i.updata_func) refers to lpc177x_8x_iap.o(i.ReadDeviceSerialNum) for ReadDeviceSerialNum
    cmd_process.o(i.updata_func) refers to lpc177x_8x_iap.o(i.PrepareSector) for PrepareSector
    cmd_process.o(i.updata_func) refers to lpc177x_8x_iap.o(i.EraseSector) for EraseSector
    cmd_process.o(i.updata_func) refers to lpc177x_8x_iap.o(i.BlankCheckSector) for BlankCheckSector
    cmd_process.o(i.updata_func) refers to lpc177x_8x_iap.o(i.CopyRAM2Flash) for CopyRAM2Flash
    cmd_process.o(i.updata_func) refers to debug_frmwrk.o(.data) for _db_msg
    cmd_process.o(i.updata_func) refers to main.o(.bss) for code
    cmd_process.o(i.updata_func) refers to cmd_process.o(.data) for flag
    __main.o(!!!main) refers to __rtentry.o(.ARM.Collect$$rtentry$$00000000) for __rt_entry
    fflt_clz.o(x$fpl$ffltu) refers (Special) to usenofp.o(x$fpl$usenofp) for __I$use$fp
    fflt_clz.o(x$fpl$fflt) refers (Special) to usenofp.o(x$fpl$usenofp) for __I$use$fp
    fflt_clz.o(x$fpl$ffltn) refers (Special) to usenofp.o(x$fpl$usenofp) for __I$use$fp
    frleqf.o(x$fpl$frleqf) refers (Special) to usenofp.o(x$fpl$usenofp) for __I$use$fp
    frleqf.o(x$fpl$frleqf) refers to fleqf.o(x$fpl$fleqf) for __fpl_fcmple_InfNaN
    __rtentry.o(.ARM.Collect$$rtentry$$00000000) refers (Special) to __rtentry2.o(.ARM.Collect$$rtentry$$0000000A) for __rt_entry_li
    __rtentry.o(.ARM.Collect$$rtentry$$00000000) refers (Special) to __rtentry2.o(.ARM.Collect$$rtentry$$0000000D) for __rt_entry_main
    __rtentry.o(.ARM.Collect$$rtentry$$00000000) refers (Special) to __rtentry2.o(.ARM.Collect$$rtentry$$0000000C) for __rt_entry_postli_1
    __rtentry.o(.ARM.Collect$$rtentry$$00000000) refers (Special) to __rtentry2.o(.ARM.Collect$$rtentry$$00000009) for __rt_entry_postsh_1
    __rtentry.o(.ARM.Collect$$rtentry$$00000000) refers (Special) to __rtentry2.o(.ARM.Collect$$rtentry$$00000002) for __rt_entry_presh_1
    __rtentry.o(.ARM.Collect$$rtentry$$00000000) refers (Special) to __rtentry4.o(.ARM.Collect$$rtentry$$00000004) for __rt_entry_sh
    aeabi_ldiv0_sigfpe.o(.text) refers to rt_div0.o(.text) for __rt_div0
    fleqf.o(x$fpl$fleqf) refers (Special) to usenofp.o(x$fpl$usenofp) for __I$use$fp
    fleqf.o(x$fpl$fleqf) refers to fnaninf.o(x$fpl$fnaninf) for __fpl_fnaninf
    fleqf.o(x$fpl$fleqf) refers to fcmpi.o(x$fpl$fcmpinf) for __fpl_fcmp_Inf
    __rtentry2.o(.ARM.Collect$$rtentry$$00000008) refers to boardinit2.o(.text) for _platform_post_stackheap_init
    __rtentry2.o(.ARM.Collect$$rtentry$$0000000A) refers to libinit.o(.ARM.Collect$$libinit$$00000000) for __rt_lib_init
    __rtentry2.o(.ARM.Collect$$rtentry$$0000000B) refers to boardinit3.o(.text) for _platform_post_lib_init
    __rtentry2.o(.ARM.Collect$$rtentry$$0000000D) refers to main.o(i.main) for main
    __rtentry2.o(.ARM.Collect$$rtentry$$0000000D) refers to exit.o(.text) for exit
    __rtentry2.o(.ARM.exidx) refers to __rtentry2.o(.ARM.Collect$$rtentry$$00000001) for .ARM.Collect$$rtentry$$00000001
    __rtentry2.o(.ARM.exidx) refers to __rtentry2.o(.ARM.Collect$$rtentry$$00000008) for .ARM.Collect$$rtentry$$00000008
    __rtentry2.o(.ARM.exidx) refers to __rtentry2.o(.ARM.Collect$$rtentry$$0000000A) for .ARM.Collect$$rtentry$$0000000A
    __rtentry2.o(.ARM.exidx) refers to __rtentry2.o(.ARM.Collect$$rtentry$$0000000B) for .ARM.Collect$$rtentry$$0000000B
    __rtentry2.o(.ARM.exidx) refers to __rtentry2.o(.ARM.Collect$$rtentry$$0000000D) for .ARM.Collect$$rtentry$$0000000D
    __rtentry4.o(.ARM.Collect$$rtentry$$00000004) refers to sys_stackheap_outer.o(.text) for __user_setup_stackheap
    __rtentry4.o(.ARM.exidx) refers to __rtentry4.o(.ARM.Collect$$rtentry$$00000004) for .ARM.Collect$$rtentry$$00000004
    rt_div0.o(.text) refers to defsig_fpe_outer.o(.text) for __rt_SIGFPE
    fcmpi.o(x$fpl$fcmpinf) refers (Special) to usenofp.o(x$fpl$usenofp) for __I$use$fp
    fnaninf.o(x$fpl$fnaninf) refers (Special) to usenofp.o(x$fpl$usenofp) for __I$use$fp
    sys_stackheap_outer.o(.text) refers to libspace.o(.text) for __user_perproc_libspace
    sys_stackheap_outer.o(.text) refers to startup_lpc17xx.o(.text) for __user_initial_stackheap
    exit.o(.text) refers to rtexit.o(.ARM.Collect$$rtexit$$00000000) for __rt_exit
    defsig_fpe_outer.o(.text) refers to defsig_fpe_inner.o(.text) for __rt_SIGFPE_inner
    defsig_fpe_outer.o(.text) refers to defsig_exit.o(.text) for __sig_exit
    defsig_fpe_formal.o(.text) refers to rt_raise.o(.text) for __rt_raise
    libinit.o(.ARM.Collect$$libinit$$00000000) refers (Special) to libinit2.o(.ARM.Collect$$libinit$$0000002E) for __rt_lib_init_alloca_1
    libinit.o(.ARM.Collect$$libinit$$00000000) refers (Special) to libinit2.o(.ARM.Collect$$libinit$$0000002C) for __rt_lib_init_argv_1
    libinit.o(.ARM.Collect$$libinit$$00000000) refers (Special) to libinit2.o(.ARM.Collect$$libinit$$0000001B) for __rt_lib_init_atexit_1
    libinit.o(.ARM.Collect$$libinit$$00000000) refers (Special) to libinit2.o(.ARM.Collect$$libinit$$00000021) for __rt_lib_init_clock_1
    libinit.o(.ARM.Collect$$libinit$$00000000) refers (Special) to libinit2.o(.ARM.Collect$$libinit$$00000032) for __rt_lib_init_cpp_1
    libinit.o(.ARM.Collect$$libinit$$00000000) refers (Special) to libinit2.o(.ARM.Collect$$libinit$$00000030) for __rt_lib_init_exceptions_1
    libinit.o(.ARM.Collect$$libinit$$00000000) refers (Special) to libinit2.o(.ARM.Collect$$libinit$$00000002) for __rt_lib_init_fp_1
    libinit.o(.ARM.Collect$$libinit$$00000000) refers (Special) to libinit2.o(.ARM.Collect$$libinit$$0000001F) for __rt_lib_init_fp_trap_1
    libinit.o(.ARM.Collect$$libinit$$00000000) refers (Special) to libinit2.o(.ARM.Collect$$libinit$$00000023) for __rt_lib_init_getenv_1
    libinit.o(.ARM.Collect$$libinit$$00000000) refers (Special) to libinit2.o(.ARM.Collect$$libinit$$0000000A) for __rt_lib_init_heap_1
    libinit.o(.ARM.Collect$$libinit$$00000000) refers (Special) to libinit2.o(.ARM.Collect$$libinit$$00000011) for __rt_lib_init_lc_collate_1
    libinit.o(.ARM.Collect$$libinit$$00000000) refers (Special) to libinit2.o(.ARM.Collect$$libinit$$00000013) for __rt_lib_init_lc_ctype_1
    libinit.o(.ARM.Collect$$libinit$$00000000) refers (Special) to libinit2.o(.ARM.Collect$$libinit$$00000015) for __rt_lib_init_lc_monetary_1
    libinit.o(.ARM.Collect$$libinit$$00000000) refers (Special) to libinit2.o(.ARM.Collect$$libinit$$00000017) for __rt_lib_init_lc_numeric_1
    libinit.o(.ARM.Collect$$libinit$$00000000) refers (Special) to libinit2.o(.ARM.Collect$$libinit$$00000019) for __rt_lib_init_lc_time_1
    libinit.o(.ARM.Collect$$libinit$$00000000) refers (Special) to libinit2.o(.ARM.Collect$$libinit$$00000004) for __rt_lib_init_preinit_1
    libinit.o(.ARM.Collect$$libinit$$00000000) refers (Special) to libinit2.o(.ARM.Collect$$libinit$$0000000E) for __rt_lib_init_rand_1
    libinit.o(.ARM.Collect$$libinit$$00000000) refers (Special) to libinit2.o(.ARM.Collect$$libinit$$00000033) for __rt_lib_init_return
    libinit.o(.ARM.Collect$$libinit$$00000000) refers (Special) to libinit2.o(.ARM.Collect$$libinit$$0000001D) for __rt_lib_init_signal_1
    libinit.o(.ARM.Collect$$libinit$$00000000) refers (Special) to libinit2.o(.ARM.Collect$$libinit$$00000025) for __rt_lib_init_stdio_1
    libinit.o(.ARM.Collect$$libinit$$00000000) refers (Special) to libinit2.o(.ARM.Collect$$libinit$$0000000C) for __rt_lib_init_user_alloc_1
    libspace.o(.text) refers to libspace.o(.bss) for __libspace_start
    rtexit.o(.ARM.Collect$$rtexit$$00000000) refers (Special) to rtexit2.o(.ARM.Collect$$rtexit$$00000004) for __rt_exit_exit
    rtexit.o(.ARM.Collect$$rtexit$$00000000) refers (Special) to rtexit2.o(.ARM.Collect$$rtexit$$00000003) for __rt_exit_ls
    rtexit.o(.ARM.Collect$$rtexit$$00000000) refers (Special) to rtexit2.o(.ARM.Collect$$rtexit$$00000002) for __rt_exit_prels_1
    rtexit.o(.ARM.exidx) refers (Special) to rtexit2.o(.ARM.Collect$$rtexit$$00000004) for __rt_exit_exit
    rtexit.o(.ARM.exidx) refers (Special) to rtexit2.o(.ARM.Collect$$rtexit$$00000003) for __rt_exit_ls
    rtexit.o(.ARM.exidx) refers (Special) to rtexit2.o(.ARM.Collect$$rtexit$$00000002) for __rt_exit_prels_1
    rtexit.o(.ARM.exidx) refers to rtexit.o(.ARM.Collect$$rtexit$$00000000) for .ARM.Collect$$rtexit$$00000000
    rt_raise.o(.text) refers to __raise.o(.text) for __raise
    rt_raise.o(.text) refers to sys_exit.o(.text) for _sys_exit
    defsig_exit.o(.text) refers to sys_exit.o(.text) for _sys_exit
    defsig_fpe_inner.o(.text) refers to defsig_general.o(.text) for __default_signal_display
    libinit2.o(.ARM.Collect$$libinit$$00000010) refers to libinit2.o(.ARM.Collect$$libinit$$0000000F) for .ARM.Collect$$libinit$$0000000F
    libinit2.o(.ARM.Collect$$libinit$$00000012) refers to libinit2.o(.ARM.Collect$$libinit$$0000000F) for .ARM.Collect$$libinit$$0000000F
    libinit2.o(.ARM.Collect$$libinit$$00000014) refers to libinit2.o(.ARM.Collect$$libinit$$0000000F) for .ARM.Collect$$libinit$$0000000F
    libinit2.o(.ARM.Collect$$libinit$$00000016) refers to libinit2.o(.ARM.Collect$$libinit$$0000000F) for .ARM.Collect$$libinit$$0000000F
    libinit2.o(.ARM.Collect$$libinit$$00000018) refers to libinit2.o(.ARM.Collect$$libinit$$0000000F) for .ARM.Collect$$libinit$$0000000F
    libinit2.o(.ARM.Collect$$libinit$$00000026) refers to argv_veneer.o(.emb_text) for __ARM_argv_veneer
    libinit2.o(.ARM.Collect$$libinit$$00000027) refers to argv_veneer.o(.emb_text) for __ARM_argv_veneer
    sys_exit.o(.text) refers (Special) to use_no_semi.o(.text) for __I$use$semihosting
    sys_exit.o(.text) refers (Special) to indicate_semi.o(.text) for __semihosting_library_function
    rtexit2.o(.ARM.Collect$$rtexit$$00000003) refers to libshutdown.o(.ARM.Collect$$libshutdown$$00000000) for __rt_lib_shutdown
    rtexit2.o(.ARM.Collect$$rtexit$$00000004) refers to sys_exit.o(.text) for _sys_exit
    rtexit2.o(.ARM.exidx) refers to rtexit2.o(.ARM.Collect$$rtexit$$00000001) for .ARM.Collect$$rtexit$$00000001
    rtexit2.o(.ARM.exidx) refers to rtexit2.o(.ARM.Collect$$rtexit$$00000003) for .ARM.Collect$$rtexit$$00000003
    rtexit2.o(.ARM.exidx) refers to rtexit2.o(.ARM.Collect$$rtexit$$00000004) for .ARM.Collect$$rtexit$$00000004
    __raise.o(.text) refers to defsig.o(CL$$defsig) for __default_signal_handler
    defsig_general.o(.text) refers to sys_wrch.o(.text) for _ttywrch
    argv_veneer.o(.emb_text) refers to no_argv.o(.text) for __ARM_get_argv
    sys_wrch.o(.text) refers (Special) to use_no_semi.o(.text) for __I$use$semihosting
    sys_wrch.o(.text) refers (Special) to indicate_semi.o(.text) for __semihosting_library_function
    defsig.o(CL$$defsig) refers to defsig_fpe_inner.o(.text) for __rt_SIGFPE_inner
    defsig.o(CL$$defsig) refers to defsig_rtmem_inner.o(.text) for __rt_SIGRTMEM_inner
    _get_argv_nomalloc.o(.text) refers (Special) to hrguard.o(.text) for __heap_region$guard
    _get_argv_nomalloc.o(.text) refers to defsig_rtmem_outer.o(.text) for __rt_SIGRTMEM
    _get_argv_nomalloc.o(.text) refers to sys_command.o(.text) for _sys_command_string
    libshutdown.o(.ARM.Collect$$libshutdown$$00000000) refers (Special) to libshutdown2.o(.ARM.Collect$$libshutdown$$00000002) for __rt_lib_shutdown_cpp_1
    libshutdown.o(.ARM.Collect$$libshutdown$$00000000) refers (Special) to libshutdown2.o(.ARM.Collect$$libshutdown$$00000007) for __rt_lib_shutdown_fp_trap_1
    libshutdown.o(.ARM.Collect$$libshutdown$$00000000) refers (Special) to libshutdown2.o(.ARM.Collect$$libshutdown$$0000000F) for __rt_lib_shutdown_heap_1
    libshutdown.o(.ARM.Collect$$libshutdown$$00000000) refers (Special) to libshutdown2.o(.ARM.Collect$$libshutdown$$00000010) for __rt_lib_shutdown_return
    libshutdown.o(.ARM.Collect$$libshutdown$$00000000) refers (Special) to libshutdown2.o(.ARM.Collect$$libshutdown$$0000000A) for __rt_lib_shutdown_signal_1
    libshutdown.o(.ARM.Collect$$libshutdown$$00000000) refers (Special) to libshutdown2.o(.ARM.Collect$$libshutdown$$00000004) for __rt_lib_shutdown_stdio_1
    libshutdown.o(.ARM.Collect$$libshutdown$$00000000) refers (Special) to libshutdown2.o(.ARM.Collect$$libshutdown$$0000000C) for __rt_lib_shutdown_user_alloc_1
    sys_command.o(.text) refers (Special) to use_no_semi.o(.text) for __I$use$semihosting
    sys_command.o(.text) refers (Special) to indicate_semi.o(.text) for __semihosting_library_function
    defsig_abrt_inner.o(.text) refers to defsig_general.o(.text) for __default_signal_display
    defsig_rtred_inner.o(.text) refers to defsig_general.o(.text) for __default_signal_display
    defsig_rtmem_inner.o(.text) refers to defsig_general.o(.text) for __default_signal_display
    defsig_rtmem_outer.o(.text) refers to defsig_rtmem_inner.o(.text) for __rt_SIGRTMEM_inner
    defsig_rtmem_outer.o(.text) refers to defsig_exit.o(.text) for __sig_exit
    defsig_rtmem_formal.o(.text) refers to rt_raise.o(.text) for __rt_raise
    defsig_stak_inner.o(.text) refers to defsig_general.o(.text) for __default_signal_display
    defsig_pvfn_inner.o(.text) refers to defsig_general.o(.text) for __default_signal_display
    defsig_cppl_inner.o(.text) refers to defsig_general.o(.text) for __default_signal_display
    defsig_segv_inner.o(.text) refers to defsig_general.o(.text) for __default_signal_display
    defsig_other.o(.text) refers to defsig_general.o(.text) for __default_signal_display


==============================================================================

Removing Unused input sections from the image.

    Removing debug_frmwrk.o(i.UART0Init), (184 bytes).
    Removing lpc177x_8x_crc.o(i.CRC_CalcDataChecksum), (36 bytes).
    Removing lpc177x_8x_crc.o(i.CRC_Reset), (56 bytes).
    Removing lpc177x_8x_pinsel.o(i.PINSEL_DacEnable), (54 bytes).
    Removing lpc177x_8x_pinsel.o(i.PINSEL_SetAnalogPinMode), (102 bytes).
    Removing lpc177x_8x_pinsel.o(i.PINSEL_SetFilter), (70 bytes).
    Removing lpc177x_8x_pinsel.o(i.PINSEL_SetHysMode), (46 bytes).
    Removing lpc177x_8x_pinsel.o(i.PINSEL_SetI2CMode), (42 bytes).
    Removing lpc177x_8x_pinsel.o(i.PINSEL_SetInBufMode), (46 bytes).
    Removing lpc177x_8x_pinsel.o(i.PINSEL_SetOpenDrainMode), (46 bytes).
    Removing lpc177x_8x_pinsel.o(i.PINSEL_SetPinMode), (42 bytes).
    Removing lpc177x_8x_pinsel.o(i.PINSEL_SetSlewMode), (46 bytes).
    Removing lpc177x_8x_uart.o(i.UART_ABClearIntPending), (28 bytes).
    Removing lpc177x_8x_uart.o(i.UART_ABCmd), (132 bytes).
    Removing lpc177x_8x_uart.o(i.UART_CheckBusy), (18 bytes).
    Removing lpc177x_8x_uart.o(i.UART_DeInit), (92 bytes).
    Removing lpc177x_8x_uart.o(i.UART_FIFOConfig), (108 bytes).
    Removing lpc177x_8x_uart.o(i.UART_FIFOConfigStructInit), (14 bytes).
    Removing lpc177x_8x_uart.o(i.UART_ForceBreak), (32 bytes).
    Removing lpc177x_8x_uart.o(i.UART_FullModemConfigMode), (56 bytes).
    Removing lpc177x_8x_uart.o(i.UART_FullModemForcePinState), (48 bytes).
    Removing lpc177x_8x_uart.o(i.UART_FullModemGetStatus), (6 bytes).
    Removing lpc177x_8x_uart.o(i.UART_GetIntId), (12 bytes).
    Removing lpc177x_8x_uart.o(i.UART_GetLineStatus), (20 bytes).
    Removing lpc177x_8x_uart.o(i.UART_IntConfig), (120 bytes).
    Removing lpc177x_8x_uart.o(i.UART_IrDACmd), (32 bytes).
    Removing lpc177x_8x_uart.o(i.UART_IrDAInvtInputCmd), (34 bytes).
    Removing lpc177x_8x_uart.o(i.UART_IrDAPulseDivConfig), (30 bytes).
    Removing lpc177x_8x_uart.o(i.UART_RS485Config), (100 bytes).
    Removing lpc177x_8x_uart.o(i.UART_RS485ReceiverCmd), (32 bytes).
    Removing lpc177x_8x_uart.o(i.UART_RS485Send), (88 bytes).
    Removing lpc177x_8x_uart.o(i.UART_RS485SendData), (22 bytes).
    Removing lpc177x_8x_uart.o(i.UART_RS485SendSlvAddr), (18 bytes).
    Removing lpc177x_8x_clkpwr.o(i.CLKPWR_DeepPowerDown), (24 bytes).
    Removing lpc177x_8x_clkpwr.o(i.CLKPWR_DeepSleep), (24 bytes).
    Removing lpc177x_8x_clkpwr.o(i.CLKPWR_PowerDown), (24 bytes).
    Removing lpc177x_8x_clkpwr.o(i.CLKPWR_SetCLKDiv), (192 bytes).
    Removing lpc177x_8x_clkpwr.o(i.CLKPWR_Sleep), (16 bytes).
    Removing lpc177x_8x_clkpwr.o(.data), (4 bytes).
    Removing lpc177x_8x_iap.o(i.Compare), (44 bytes).
    Removing lpc177x_8x_iap.o(i.InvokeISP), (28 bytes).
    Removing lpc177x_8x_iap.o(i.ReadBootCodeVer), (52 bytes).
    Removing lpc177x_8x_systick.o(i.SYSTICK_ExternalInit), (110 bytes).
    Removing lpc177x_8x_systick.o(i.SYSTICK_GetCurrentValue), (8 bytes).
    Removing lpc177x_8x_gpio.o(i.FIO_ByteClearValue), (34 bytes).
    Removing lpc177x_8x_gpio.o(i.FIO_ByteGetPointer), (64 bytes).
    Removing lpc177x_8x_gpio.o(i.FIO_ByteReadValue), (32 bytes).
    Removing lpc177x_8x_gpio.o(i.FIO_ByteSetDir), (50 bytes).
    Removing lpc177x_8x_gpio.o(i.FIO_ByteSetMask), (66 bytes).
    Removing lpc177x_8x_gpio.o(i.FIO_ByteSetValue), (34 bytes).
    Removing lpc177x_8x_gpio.o(i.FIO_ClearInt), (16 bytes).
    Removing lpc177x_8x_gpio.o(i.FIO_ClearValue), (16 bytes).
    Removing lpc177x_8x_gpio.o(i.FIO_GetIntStatus), (20 bytes).
    Removing lpc177x_8x_gpio.o(i.FIO_HalfWordClearValue), (32 bytes).
    Removing lpc177x_8x_gpio.o(i.FIO_HalfWordGetPointer), (64 bytes).
    Removing lpc177x_8x_gpio.o(i.FIO_HalfWordReadValue), (30 bytes).
    Removing lpc177x_8x_gpio.o(i.FIO_HalfWordSetDir), (62 bytes).
    Removing lpc177x_8x_gpio.o(i.FIO_HalfWordSetMask), (62 bytes).
    Removing lpc177x_8x_gpio.o(i.FIO_HalfWordSetValue), (32 bytes).
    Removing lpc177x_8x_gpio.o(i.FIO_IntCmd), (20 bytes).
    Removing lpc177x_8x_gpio.o(i.FIO_ReadValue), (12 bytes).
    Removing lpc177x_8x_gpio.o(i.FIO_SetDir), (20 bytes).
    Removing lpc177x_8x_gpio.o(i.FIO_SetMask), (40 bytes).
    Removing lpc177x_8x_gpio.o(i.FIO_SetValue), (16 bytes).
    Removing lpc177x_8x_gpio.o(i.GPIO_ClearInt), (32 bytes).
    Removing lpc177x_8x_gpio.o(i.GPIO_ClearValue), (20 bytes).
    Removing lpc177x_8x_gpio.o(i.GPIO_Deinit), (14 bytes).
    Removing lpc177x_8x_gpio.o(i.GPIO_GetIntStatus), (88 bytes).
    Removing lpc177x_8x_gpio.o(i.GPIO_GetPointer), (64 bytes).
    Removing lpc177x_8x_gpio.o(i.GPIO_Init), (12 bytes).
    Removing lpc177x_8x_gpio.o(i.GPIO_IntCmd), (64 bytes).
    Removing lpc177x_8x_gpio.o(i.GPIO_OutputValue), (30 bytes).
    Removing lpc177x_8x_gpio.o(i.GPIO_ReadValue), (22 bytes).
    Removing lpc177x_8x_gpio.o(i.GPIO_SetDir), (40 bytes).
    Removing lpc177x_8x_gpio.o(i.GPIO_SetValue), (20 bytes).
    Removing core_cm3.o(.emb_text), (32 bytes).
    Removing system_lpc177x_8x.o(i.SystemCoreClockUpdate), (700 bytes).
    Removing cmd_process.o(i.Delayms), (28 bytes).

78 unused section(s) (total 4226 bytes) removed from the image.

==============================================================================

Image Symbol Table

    Local Symbols

    Symbol Name                              Value     Ov Type        Size  Object(Section)

    RESET                                    0x00000000   Section      196  startup_lpc17xx.o(RESET)
    ../clib/angel/boardlib.s                 0x00000000   Number         0  boardinit3.o ABSOLUTE
    ../clib/angel/boardlib.s                 0x00000000   Number         0  boardshut.o ABSOLUTE
    ../clib/angel/boardlib.s                 0x00000000   Number         0  boardinit1.o ABSOLUTE
    ../clib/angel/boardlib.s                 0x00000000   Number         0  boardinit2.o ABSOLUTE
    ../clib/angel/handlers.s                 0x00000000   Number         0  __scatter_zi.o ABSOLUTE
    ../clib/angel/handlers.s                 0x00000000   Number         0  __scatter_copy.o ABSOLUTE
    ../clib/angel/kernel.s                   0x00000000   Number         0  rtexit.o ABSOLUTE
    ../clib/angel/kernel.s                   0x00000000   Number         0  rtexit2.o ABSOLUTE
    ../clib/angel/kernel.s                   0x00000000   Number         0  __rtentry.o ABSOLUTE
    ../clib/angel/kernel.s                   0x00000000   Number         0  __rtentry4.o ABSOLUTE
    ../clib/angel/kernel.s                   0x00000000   Number         0  __rtentry2.o ABSOLUTE
    ../clib/angel/rt.s                       0x00000000   Number         0  aeabi_ldiv0_sigfpe.o ABSOLUTE
    ../clib/angel/rt.s                       0x00000000   Number         0  rt_raise.o ABSOLUTE
    ../clib/angel/rt.s                       0x00000000   Number         0  rt_div0.o ABSOLUTE
    ../clib/angel/rt.s                       0x00000000   Number         0  aeabi_ldiv0.o ABSOLUTE
    ../clib/angel/scatter.s                  0x00000000   Number         0  __scatter.o ABSOLUTE
    ../clib/angel/startup.s                  0x00000000   Number         0  __main.o ABSOLUTE
    ../clib/angel/sys.s                      0x00000000   Number         0  sys_stackheap_outer.o ABSOLUTE
    ../clib/angel/sys.s                      0x00000000   Number         0  use_no_semi.o ABSOLUTE
    ../clib/angel/sys.s                      0x00000000   Number         0  indicate_semi.o ABSOLUTE
    ../clib/angel/sys.s                      0x00000000   Number         0  libspace.o ABSOLUTE
    ../clib/angel/sysapp.c                   0x00000000   Number         0  sys_command.o ABSOLUTE
    ../clib/angel/sysapp.c                   0x00000000   Number         0  sys_exit.o ABSOLUTE
    ../clib/angel/sysapp.c                   0x00000000   Number         0  sys_wrch.o ABSOLUTE
    ../clib/armsys.c                         0x00000000   Number         0  no_argv.o ABSOLUTE
    ../clib/armsys.c                         0x00000000   Number         0  _get_argv_nomalloc.o ABSOLUTE
    ../clib/armsys.c                         0x00000000   Number         0  argv_veneer.o ABSOLUTE
    ../clib/armsys.c                         0x00000000   Number         0  argv_veneer.o ABSOLUTE
    ../clib/heapalloc.c                      0x00000000   Number         0  hrguard.o ABSOLUTE
    ../clib/heapaux.c                        0x00000000   Number         0  heapauxi.o ABSOLUTE
    ../clib/libinit.s                        0x00000000   Number         0  libshutdown.o ABSOLUTE
    ../clib/libinit.s                        0x00000000   Number         0  libshutdown2.o ABSOLUTE
    ../clib/libinit.s                        0x00000000   Number         0  libinit2.o ABSOLUTE
    ../clib/libinit.s                        0x00000000   Number         0  libinit.o ABSOLUTE
    ../clib/longlong.s                       0x00000000   Number         0  lludivv7m.o ABSOLUTE
    ../clib/signal.c                         0x00000000   Number         0  defsig_fpe_outer.o ABSOLUTE
    ../clib/signal.c                         0x00000000   Number         0  defsig_rtmem_formal.o ABSOLUTE
    ../clib/signal.c                         0x00000000   Number         0  defsig_stak_inner.o ABSOLUTE
    ../clib/signal.c                         0x00000000   Number         0  defsig_general.o ABSOLUTE
    ../clib/signal.c                         0x00000000   Number         0  defsig_fpe_formal.o ABSOLUTE
    ../clib/signal.c                         0x00000000   Number         0  defsig_rtred_inner.o ABSOLUTE
    ../clib/signal.c                         0x00000000   Number         0  defsig_pvfn_inner.o ABSOLUTE
    ../clib/signal.c                         0x00000000   Number         0  __raise.o ABSOLUTE
    ../clib/signal.c                         0x00000000   Number         0  defsig_cppl_inner.o ABSOLUTE
    ../clib/signal.c                         0x00000000   Number         0  defsig_segv_inner.o ABSOLUTE
    ../clib/signal.c                         0x00000000   Number         0  defsig_other.o ABSOLUTE
    ../clib/signal.c                         0x00000000   Number         0  defsig_fpe_inner.o ABSOLUTE
    ../clib/signal.c                         0x00000000   Number         0  defsig_exit.o ABSOLUTE
    ../clib/signal.c                         0x00000000   Number         0  defsig_abrt_inner.o ABSOLUTE
    ../clib/signal.c                         0x00000000   Number         0  defsig_rtmem_outer.o ABSOLUTE
    ../clib/signal.c                         0x00000000   Number         0  defsig_rtmem_inner.o ABSOLUTE
    ../clib/signal.s                         0x00000000   Number         0  defsig.o ABSOLUTE
    ../clib/stdlib.c                         0x00000000   Number         0  exit.o ABSOLUTE
    ../clib/string.c                         0x00000000   Number         0  strstr.o ABSOLUTE
    ../fplib/fcmpi.s                         0x00000000   Number         0  fcmpi.o ABSOLUTE
    ../fplib/fflt.s                          0x00000000   Number         0  fflt_clz.o ABSOLUTE
    ../fplib/fleqf.s                         0x00000000   Number         0  fleqf.o ABSOLUTE
    ../fplib/fnaninf.s                       0x00000000   Number         0  fnaninf.o ABSOLUTE
    ../fplib/fpinit.s                        0x00000000   Number         0  fpinit.o ABSOLUTE
    ../fplib/frleqf.s                        0x00000000   Number         0  frleqf.o ABSOLUTE
    ../fplib/usenofp.s                       0x00000000   Number         0  usenofp.o ABSOLUTE
    ..\Drivers\source\debug_frmwrk.c         0x00000000   Number         0  debug_frmwrk.o ABSOLUTE
    ..\Drivers\source\lpc177x_8x_clkpwr.c    0x00000000   Number         0  lpc177x_8x_clkpwr.o ABSOLUTE
    ..\Drivers\source\lpc177x_8x_crc.c       0x00000000   Number         0  lpc177x_8x_crc.o ABSOLUTE
    ..\Drivers\source\lpc177x_8x_gpio.c      0x00000000   Number         0  lpc177x_8x_gpio.o ABSOLUTE
    ..\Drivers\source\lpc177x_8x_iap.c       0x00000000   Number         0  lpc177x_8x_iap.o ABSOLUTE
    ..\Drivers\source\lpc177x_8x_pinsel.c    0x00000000   Number         0  lpc177x_8x_pinsel.o ABSOLUTE
    ..\Drivers\source\lpc177x_8x_systick.c   0x00000000   Number         0  lpc177x_8x_systick.o ABSOLUTE
    ..\Drivers\source\lpc177x_8x_uart.c      0x00000000   Number         0  lpc177x_8x_uart.o ABSOLUTE
    ..\IAPLLIB\cmd_process.c                 0x00000000   Number         0  cmd_process.o ABSOLUTE
    ..\Libraries\Core\core_cm3.c             0x00000000   Number         0  core_cm3.o ABSOLUTE
    ..\Libraries\Core\system_LPC177x_8x.c    0x00000000   Number         0  system_lpc177x_8x.o ABSOLUTE
    ..\Startup\startup_LPC17xx.s             0x00000000   Number         0  startup_lpc17xx.o ABSOLUTE
    ..\User\main.c                           0x00000000   Number         0  main.o ABSOLUTE
    ..\\Libraries\\Core\\core_cm3.c          0x00000000   Number         0  core_cm3.o ABSOLUTE
    dc.s                                     0x00000000   Number         0  dc.o ABSOLUTE
    !!!main                                  0x000000c4   Section        8  __main.o(!!!main)
    !!!scatter                               0x000000cc   Section       52  __scatter.o(!!!scatter)
    !!handler_copy                           0x00000100   Section       26  __scatter_copy.o(!!handler_copy)
    !!handler_zi                             0x0000011c   Section       28  __scatter_zi.o(!!handler_zi)
    .ARM.Collect$$libinit$$00000000          0x00000138   Section        2  libinit.o(.ARM.Collect$$libinit$$00000000)
    .ARM.Collect$$libinit$$00000002          0x0000013a   Section        0  libinit2.o(.ARM.Collect$$libinit$$00000002)
    .ARM.Collect$$libinit$$00000004          0x0000013a   Section        0  libinit2.o(.ARM.Collect$$libinit$$00000004)
    .ARM.Collect$$libinit$$0000000A          0x0000013a   Section        0  libinit2.o(.ARM.Collect$$libinit$$0000000A)
    .ARM.Collect$$libinit$$0000000C          0x0000013a   Section        0  libinit2.o(.ARM.Collect$$libinit$$0000000C)
    .ARM.Collect$$libinit$$0000000E          0x0000013a   Section        0  libinit2.o(.ARM.Collect$$libinit$$0000000E)
    .ARM.Collect$$libinit$$00000011          0x0000013a   Section        0  libinit2.o(.ARM.Collect$$libinit$$00000011)
    .ARM.Collect$$libinit$$00000013          0x0000013a   Section        0  libinit2.o(.ARM.Collect$$libinit$$00000013)
    .ARM.Collect$$libinit$$00000015          0x0000013a   Section        0  libinit2.o(.ARM.Collect$$libinit$$00000015)
    .ARM.Collect$$libinit$$00000017          0x0000013a   Section        0  libinit2.o(.ARM.Collect$$libinit$$00000017)
    .ARM.Collect$$libinit$$00000019          0x0000013a   Section        0  libinit2.o(.ARM.Collect$$libinit$$00000019)
    .ARM.Collect$$libinit$$0000001B          0x0000013a   Section        0  libinit2.o(.ARM.Collect$$libinit$$0000001B)
    .ARM.Collect$$libinit$$0000001D          0x0000013a   Section        0  libinit2.o(.ARM.Collect$$libinit$$0000001D)
    .ARM.Collect$$libinit$$0000001F          0x0000013a   Section        0  libinit2.o(.ARM.Collect$$libinit$$0000001F)
    .ARM.Collect$$libinit$$00000021          0x0000013a   Section        0  libinit2.o(.ARM.Collect$$libinit$$00000021)
    .ARM.Collect$$libinit$$00000023          0x0000013a   Section        0  libinit2.o(.ARM.Collect$$libinit$$00000023)
    .ARM.Collect$$libinit$$00000025          0x0000013a   Section        0  libinit2.o(.ARM.Collect$$libinit$$00000025)
    .ARM.Collect$$libinit$$0000002C          0x0000013a   Section        0  libinit2.o(.ARM.Collect$$libinit$$0000002C)
    .ARM.Collect$$libinit$$0000002E          0x0000013a   Section        0  libinit2.o(.ARM.Collect$$libinit$$0000002E)
    .ARM.Collect$$libinit$$00000030          0x0000013a   Section        0  libinit2.o(.ARM.Collect$$libinit$$00000030)
    .ARM.Collect$$libinit$$00000032          0x0000013a   Section        0  libinit2.o(.ARM.Collect$$libinit$$00000032)
    .ARM.Collect$$libinit$$00000033          0x0000013a   Section        2  libinit2.o(.ARM.Collect$$libinit$$00000033)
    .ARM.Collect$$libshutdown$$00000000      0x0000013c   Section        2  libshutdown.o(.ARM.Collect$$libshutdown$$00000000)
    .ARM.Collect$$libshutdown$$00000002      0x0000013e   Section        0  libshutdown2.o(.ARM.Collect$$libshutdown$$00000002)
    .ARM.Collect$$libshutdown$$00000004      0x0000013e   Section        0  libshutdown2.o(.ARM.Collect$$libshutdown$$00000004)
    .ARM.Collect$$libshutdown$$00000007      0x0000013e   Section        0  libshutdown2.o(.ARM.Collect$$libshutdown$$00000007)
    .ARM.Collect$$libshutdown$$0000000A      0x0000013e   Section        0  libshutdown2.o(.ARM.Collect$$libshutdown$$0000000A)
    .ARM.Collect$$libshutdown$$0000000C      0x0000013e   Section        0  libshutdown2.o(.ARM.Collect$$libshutdown$$0000000C)
    .ARM.Collect$$libshutdown$$0000000F      0x0000013e   Section        0  libshutdown2.o(.ARM.Collect$$libshutdown$$0000000F)
    .ARM.Collect$$libshutdown$$00000010      0x0000013e   Section        2  libshutdown2.o(.ARM.Collect$$libshutdown$$00000010)
    .ARM.Collect$$rtentry$$00000000          0x00000140   Section        0  __rtentry.o(.ARM.Collect$$rtentry$$00000000)
    .ARM.Collect$$rtentry$$00000002          0x00000140   Section        0  __rtentry2.o(.ARM.Collect$$rtentry$$00000002)
    .ARM.Collect$$rtentry$$00000004          0x00000140   Section        6  __rtentry4.o(.ARM.Collect$$rtentry$$00000004)
    .ARM.Collect$$rtentry$$00000009          0x00000146   Section        0  __rtentry2.o(.ARM.Collect$$rtentry$$00000009)
    .ARM.Collect$$rtentry$$0000000A          0x00000146   Section        4  __rtentry2.o(.ARM.Collect$$rtentry$$0000000A)
    .ARM.Collect$$rtentry$$0000000C          0x0000014a   Section        0  __rtentry2.o(.ARM.Collect$$rtentry$$0000000C)
    .ARM.Collect$$rtentry$$0000000D          0x0000014a   Section        8  __rtentry2.o(.ARM.Collect$$rtentry$$0000000D)
    .ARM.Collect$$rtexit$$00000000           0x00000152   Section        2  rtexit.o(.ARM.Collect$$rtexit$$00000000)
    .ARM.Collect$$rtexit$$00000002           0x00000154   Section        0  rtexit2.o(.ARM.Collect$$rtexit$$00000002)
    .ARM.Collect$$rtexit$$00000003           0x00000154   Section        4  rtexit2.o(.ARM.Collect$$rtexit$$00000003)
    .ARM.Collect$$rtexit$$00000004           0x00000158   Section        6  rtexit2.o(.ARM.Collect$$rtexit$$00000004)
    .text                                    0x00000160   Section       96  startup_lpc17xx.o(.text)
    APP                                      0x00000171   Thumb Code    26  startup_lpc17xx.o(.text)
    .text                                    0x000001c0   Section      238  lludivv7m.o(.text)
    .text                                    0x000002ae   Section        0  strstr.o(.text)
    .text                                    0x000002d2   Section        0  heapauxi.o(.text)
    .text                                    0x000002d8   Section        0  exit.o(.text)
    .text                                    0x000002ec   Section        8  libspace.o(.text)
    .text                                    0x000002f4   Section        2  use_no_semi.o(.text)
    .text                                    0x000002f6   Section        0  indicate_semi.o(.text)
    x$fpl$usenofp                            0x000002f6   Section        0  usenofp.o(x$fpl$usenofp)
    .ARM.__at_0x02FC                         0x000002fc   Section        4  startup_lpc17xx.o(.ARM.__at_0x02FC)
    .text                                    0x00000300   Section       74  sys_stackheap_outer.o(.text)
    .text                                    0x0000034c   Section        0  sys_exit.o(.text)
    i.BlankCheckSector                       0x00000358   Section        0  lpc177x_8x_iap.o(i.BlankCheckSector)
    i.CLKPWR_ConfigPPWR                      0x00000394   Section        0  lpc177x_8x_clkpwr.o(i.CLKPWR_ConfigPPWR)
    i.CLKPWR_GetCLK                          0x000003c0   Section        0  lpc177x_8x_clkpwr.o(i.CLKPWR_GetCLK)
    i.CRC_CalcBlockChecksum                  0x00000400   Section        0  lpc177x_8x_crc.o(i.CRC_CalcBlockChecksum)
    i.CRC_Init                               0x0000044c   Section        0  lpc177x_8x_crc.o(i.CRC_Init)
    i.CopyRAM2Flash                          0x0000049c   Section        0  lpc177x_8x_iap.o(i.CopyRAM2Flash)
    i.EraseSector                            0x0000055c   Section        0  lpc177x_8x_iap.o(i.EraseSector)
    i.GetSecNum                              0x000005a4   Section        0  lpc177x_8x_iap.o(i.GetSecNum)
    i.IAP_Cmd_Run                            0x000005b4   Section        0  cmd_process.o(i.IAP_Cmd_Run)
    i.PINSEL_ConfigPin                       0x000005ec   Section        0  lpc177x_8x_pinsel.o(i.PINSEL_ConfigPin)
    i.PIN_GetPointer                         0x00000614   Section        0  lpc177x_8x_pinsel.o(i.PIN_GetPointer)
    PIN_GetPointer                           0x00000615   Thumb Code    18  lpc177x_8x_pinsel.o(i.PIN_GetPointer)
    i.PrepareSector                          0x0000062c   Section        0  lpc177x_8x_iap.o(i.PrepareSector)
    i.ReadDeviceSerialNum                    0x00000654   Section        0  lpc177x_8x_iap.o(i.ReadDeviceSerialNum)
    i.ReadPartID                             0x00000694   Section        0  lpc177x_8x_iap.o(i.ReadPartID)
    i.SYSTICK_ClearCounterFlag               0x000006c0   Section        0  lpc177x_8x_systick.o(i.SYSTICK_ClearCounterFlag)
    i.SYSTICK_Cmd                            0x000006d2   Section        0  lpc177x_8x_systick.o(i.SYSTICK_Cmd)
    i.SYSTICK_IntCmd                         0x000006fa   Section        0  lpc177x_8x_systick.o(i.SYSTICK_IntCmd)
    i.SYSTICK_InternalInit                   0x00000722   Section        0  lpc177x_8x_systick.o(i.SYSTICK_InternalInit)
    i.SysTick_Handler                        0x00000780   Section        0  main.o(i.SysTick_Handler)
    i.SystemInit                             0x000007b8   Section        0  system_lpc177x_8x.o(i.SystemInit)
    i.UARTGetChar                            0x00000884   Section        0  debug_frmwrk.o(i.UARTGetChar)
    i.UARTGetCharInNonBlock                  0x0000089e   Section        0  debug_frmwrk.o(i.UARTGetCharInNonBlock)
    i.UARTGetValue                           0x000008c0   Section        0  debug_frmwrk.o(i.UARTGetValue)
    i.UARTPutChar                            0x00000a7c   Section        0  debug_frmwrk.o(i.UARTPutChar)
    i.UARTPutDec                             0x00000a8e   Section        0  debug_frmwrk.o(i.UARTPutDec)
    i.UARTPutDec16                           0x00000aee   Section        0  debug_frmwrk.o(i.UARTPutDec16)
    i.UARTPutDec32                           0x00000b90   Section        0  debug_frmwrk.o(i.UARTPutDec32)
    i.UARTPutHex                             0x00000cbc   Section        0  debug_frmwrk.o(i.UARTPutHex)
    i.UARTPutHex16                           0x00000d04   Section        0  debug_frmwrk.o(i.UARTPutHex16)
    i.UARTPutHex16_                          0x00000d4c   Section        0  debug_frmwrk.o(i.UARTPutHex16_)
    i.UARTPutHex32                           0x00000d88   Section        0  debug_frmwrk.o(i.UARTPutHex32)
    i.UARTPutHex32_                          0x00000dd0   Section        0  debug_frmwrk.o(i.UARTPutHex32_)
    i.UARTPutHex_                            0x00000e0a   Section        0  debug_frmwrk.o(i.UARTPutHex_)
    i.UARTPuts                               0x00000e44   Section        0  debug_frmwrk.o(i.UARTPuts)
    i.UARTPuts_                              0x00000e60   Section        0  debug_frmwrk.o(i.UARTPuts_)
    i.UART_ConfigStructInit                  0x00000e7c   Section        0  lpc177x_8x_uart.o(i.UART_ConfigStructInit)
    i.UART_Init                              0x00000e90   Section        0  lpc177x_8x_uart.o(i.UART_Init)
    i.UART_Receive                           0x00000fd4   Section        0  lpc177x_8x_uart.o(i.UART_Receive)
    i.UART_ReceiveByte                       0x00001048   Section        0  lpc177x_8x_uart.o(i.UART_ReceiveByte)
    i.UART_Send                              0x0000105c   Section        0  lpc177x_8x_uart.o(i.UART_Send)
    i.UART_SendByte                          0x000010f4   Section        0  lpc177x_8x_uart.o(i.UART_SendByte)
    i.UART_TxCmd                             0x00001108   Section        0  lpc177x_8x_uart.o(i.UART_TxCmd)
    i.debug_frmwrk_init                      0x00001150   Section        0  debug_frmwrk.o(i.debug_frmwrk_init)
    i.main                                   0x00001254   Section        0  main.o(i.main)
    i.runAPP_func                            0x0000133c   Section        0  main.o(i.runAPP_func)
    i.uart_set_divisors                      0x000013f0   Section        0  lpc177x_8x_uart.o(i.uart_set_divisors)
    uart_set_divisors                        0x000013f1   Thumb Code   400  lpc177x_8x_uart.o(i.uart_set_divisors)
    i.updata_func                            0x00001584   Section        0  cmd_process.o(i.updata_func)
    x$fpl$fcmpinf                            0x0000196c   Section       24  fcmpi.o(x$fpl$fcmpinf)
    x$fpl$ffltu                              0x00001984   Section       38  fflt_clz.o(x$fpl$ffltu)
    x$fpl$fleqf                              0x000019ac   Section      104  fleqf.o(x$fpl$fleqf)
    x$fpl$fnaninf                            0x00001a14   Section      140  fnaninf.o(x$fpl$fnaninf)
    x$fpl$frleqf                             0x00001aa0   Section       98  frleqf.o(x$fpl$frleqf)
    .conststring                             0x00001b04   Section       89  debug_frmwrk.o(.conststring)
    .data                                    0x10000000   Section       60  debug_frmwrk.o(.data)
    .data                                    0x1000003c   Section        1  lpc177x_8x_crc.o(.data)
    .data                                    0x10000040   Section        4  lpc177x_8x_iap.o(.data)
    .data                                    0x10000044   Section       12  main.o(.data)
    DelayCount                               0x1000004c   Data           4  main.o(.data)
    .data                                    0x10000050   Section       16  system_lpc177x_8x.o(.data)
    .data                                    0x10000060   Section        1  cmd_process.o(.data)
    flag                                     0x10000060   Data           1  cmd_process.o(.data)
    .bss                                     0x10000064   Section     4108  main.o(.bss)
    .bss                                     0x10001070   Section       96  libspace.o(.bss)
    HEAP                                     0x100010d0   Section        0  startup_lpc17xx.o(HEAP)
    STACK                                    0x100010d0   Section      512  startup_lpc17xx.o(STACK)
    Heap_Mem                                 0x100010d0   Data           0  startup_lpc17xx.o(HEAP)
    Stack_Mem                                0x100010d0   Data         512  startup_lpc17xx.o(STACK)
    __initial_sp                             0x100012d0   Data           0  startup_lpc17xx.o(STACK)

    Global Symbols

    Symbol Name                              Value     Ov Type        Size  Object(Section)

    BuildAttributes$$THM_ISAv4$P$D$K$B$S$PE$A:L22UL41UL21$X:L11$S22US41US21$IEEE1$IW$USESV6$~STKCKD$USESV7$~SHL$OSPACE$ROPI$EBA8$UX$STANDARDLIB$REQ8$PRES8$EABIv2 0x00000000   Number         0  anon$$obj.o ABSOLUTE
    __ARM_use_no_argv                        0x00000000   Number         0  main.o ABSOLUTE
    __Vectors                                0x00000000   Data           4  startup_lpc17xx.o(RESET)
    __ARM_exceptions_init                     - Undefined Weak Reference
    __alloca_initialize                       - Undefined Weak Reference
    __arm_preinit_                            - Undefined Weak Reference
    __cpp_initialize__aeabi_                  - Undefined Weak Reference
    __cxa_finalize                            - Undefined Weak Reference
    __rt_locale                               - Undefined Weak Reference
    __sigvec_lookup                           - Undefined Weak Reference
    _atexit_init                              - Undefined Weak Reference
    _call_atexit_fns                          - Undefined Weak Reference
    _clock_init                               - Undefined Weak Reference
    _fp_trap_init                             - Undefined Weak Reference
    _fp_trap_shutdown                         - Undefined Weak Reference
    _get_lc_collate                           - Undefined Weak Reference
    _get_lc_ctype                             - Undefined Weak Reference
    _get_lc_monetary                          - Undefined Weak Reference
    _get_lc_numeric                           - Undefined Weak Reference
    _get_lc_time                              - Undefined Weak Reference
    _getenv_init                              - Undefined Weak Reference
    _handle_redirection                       - Undefined Weak Reference
    _init_alloc                               - Undefined Weak Reference
    _init_user_alloc                          - Undefined Weak Reference
    _initio                                   - Undefined Weak Reference
    _rand_init                                - Undefined Weak Reference
    _signal_finish                            - Undefined Weak Reference
    _signal_init                              - Undefined Weak Reference
    _terminate_alloc                          - Undefined Weak Reference
    _terminate_user_alloc                     - Undefined Weak Reference
    _terminateio                              - Undefined Weak Reference
    __main                                   0x000000c5   Thumb Code     8  __main.o(!!!main)
    __scatterload                            0x000000cd   Thumb Code     0  __scatter.o(!!!scatter)
    __scatterload_rt2                        0x000000cd   Thumb Code    44  __scatter.o(!!!scatter)
    __scatterload_rt2_thumb_only             0x000000cd   Thumb Code     0  __scatter.o(!!!scatter)
    __scatterload_null                       0x000000db   Thumb Code     0  __scatter.o(!!!scatter)
    __scatterload_copy                       0x00000101   Thumb Code    26  __scatter_copy.o(!!handler_copy)
    __scatterload_zeroinit                   0x0000011d   Thumb Code    28  __scatter_zi.o(!!handler_zi)
    __rt_lib_init                            0x00000139   Thumb Code     0  libinit.o(.ARM.Collect$$libinit$$00000000)
    __rt_lib_init_alloca_1                   0x0000013b   Thumb Code     0  libinit2.o(.ARM.Collect$$libinit$$0000002E)
    __rt_lib_init_argv_1                     0x0000013b   Thumb Code     0  libinit2.o(.ARM.Collect$$libinit$$0000002C)
    __rt_lib_init_atexit_1                   0x0000013b   Thumb Code     0  libinit2.o(.ARM.Collect$$libinit$$0000001B)
    __rt_lib_init_clock_1                    0x0000013b   Thumb Code     0  libinit2.o(.ARM.Collect$$libinit$$00000021)
    __rt_lib_init_cpp_1                      0x0000013b   Thumb Code     0  libinit2.o(.ARM.Collect$$libinit$$00000032)
    __rt_lib_init_exceptions_1               0x0000013b   Thumb Code     0  libinit2.o(.ARM.Collect$$libinit$$00000030)
    __rt_lib_init_fp_1                       0x0000013b   Thumb Code     0  libinit2.o(.ARM.Collect$$libinit$$00000002)
    __rt_lib_init_fp_trap_1                  0x0000013b   Thumb Code     0  libinit2.o(.ARM.Collect$$libinit$$0000001F)
    __rt_lib_init_getenv_1                   0x0000013b   Thumb Code     0  libinit2.o(.ARM.Collect$$libinit$$00000023)
    __rt_lib_init_heap_1                     0x0000013b   Thumb Code     0  libinit2.o(.ARM.Collect$$libinit$$0000000A)
    __rt_lib_init_lc_collate_1               0x0000013b   Thumb Code     0  libinit2.o(.ARM.Collect$$libinit$$00000011)
    __rt_lib_init_lc_ctype_1                 0x0000013b   Thumb Code     0  libinit2.o(.ARM.Collect$$libinit$$00000013)
    __rt_lib_init_lc_monetary_1              0x0000013b   Thumb Code     0  libinit2.o(.ARM.Collect$$libinit$$00000015)
    __rt_lib_init_lc_numeric_1               0x0000013b   Thumb Code     0  libinit2.o(.ARM.Collect$$libinit$$00000017)
    __rt_lib_init_lc_time_1                  0x0000013b   Thumb Code     0  libinit2.o(.ARM.Collect$$libinit$$00000019)
    __rt_lib_init_preinit_1                  0x0000013b   Thumb Code     0  libinit2.o(.ARM.Collect$$libinit$$00000004)
    __rt_lib_init_rand_1                     0x0000013b   Thumb Code     0  libinit2.o(.ARM.Collect$$libinit$$0000000E)
    __rt_lib_init_return                     0x0000013b   Thumb Code     0  libinit2.o(.ARM.Collect$$libinit$$00000033)
    __rt_lib_init_signal_1                   0x0000013b   Thumb Code     0  libinit2.o(.ARM.Collect$$libinit$$0000001D)
    __rt_lib_init_stdio_1                    0x0000013b   Thumb Code     0  libinit2.o(.ARM.Collect$$libinit$$00000025)
    __rt_lib_init_user_alloc_1               0x0000013b   Thumb Code     0  libinit2.o(.ARM.Collect$$libinit$$0000000C)
    __rt_lib_shutdown                        0x0000013d   Thumb Code     0  libshutdown.o(.ARM.Collect$$libshutdown$$00000000)
    __rt_lib_shutdown_cpp_1                  0x0000013f   Thumb Code     0  libshutdown2.o(.ARM.Collect$$libshutdown$$00000002)
    __rt_lib_shutdown_fp_trap_1              0x0000013f   Thumb Code     0  libshutdown2.o(.ARM.Collect$$libshutdown$$00000007)
    __rt_lib_shutdown_heap_1                 0x0000013f   Thumb Code     0  libshutdown2.o(.ARM.Collect$$libshutdown$$0000000F)
    __rt_lib_shutdown_return                 0x0000013f   Thumb Code     0  libshutdown2.o(.ARM.Collect$$libshutdown$$00000010)
    __rt_lib_shutdown_signal_1               0x0000013f   Thumb Code     0  libshutdown2.o(.ARM.Collect$$libshutdown$$0000000A)
    __rt_lib_shutdown_stdio_1                0x0000013f   Thumb Code     0  libshutdown2.o(.ARM.Collect$$libshutdown$$00000004)
    __rt_lib_shutdown_user_alloc_1           0x0000013f   Thumb Code     0  libshutdown2.o(.ARM.Collect$$libshutdown$$0000000C)
    __rt_entry                               0x00000141   Thumb Code     0  __rtentry.o(.ARM.Collect$$rtentry$$00000000)
    __rt_entry_presh_1                       0x00000141   Thumb Code     0  __rtentry2.o(.ARM.Collect$$rtentry$$00000002)
    __rt_entry_sh                            0x00000141   Thumb Code     0  __rtentry4.o(.ARM.Collect$$rtentry$$00000004)
    __rt_entry_li                            0x00000147   Thumb Code     0  __rtentry2.o(.ARM.Collect$$rtentry$$0000000A)
    __rt_entry_postsh_1                      0x00000147   Thumb Code     0  __rtentry2.o(.ARM.Collect$$rtentry$$00000009)
    __rt_entry_main                          0x0000014b   Thumb Code     0  __rtentry2.o(.ARM.Collect$$rtentry$$0000000D)
    __rt_entry_postli_1                      0x0000014b   Thumb Code     0  __rtentry2.o(.ARM.Collect$$rtentry$$0000000C)
    __rt_exit                                0x00000153   Thumb Code     0  rtexit.o(.ARM.Collect$$rtexit$$00000000)
    __rt_exit_ls                             0x00000155   Thumb Code     0  rtexit2.o(.ARM.Collect$$rtexit$$00000003)
    __rt_exit_prels_1                        0x00000155   Thumb Code     0  rtexit2.o(.ARM.Collect$$rtexit$$00000002)
    __rt_exit_exit                           0x00000159   Thumb Code     0  rtexit2.o(.ARM.Collect$$rtexit$$00000004)
    Reset_Handler                            0x00000161   Thumb Code    16  startup_lpc17xx.o(.text)
    NMI_Handler                              0x0000018b   Thumb Code     2  startup_lpc17xx.o(.text)
    HardFault_Handler                        0x0000018d   Thumb Code     2  startup_lpc17xx.o(.text)
    MemManage_Handler                        0x0000018f   Thumb Code     2  startup_lpc17xx.o(.text)
    BusFault_Handler                         0x00000191   Thumb Code     2  startup_lpc17xx.o(.text)
    UsageFault_Handler                       0x00000193   Thumb Code     2  startup_lpc17xx.o(.text)
    SVC_Handler                              0x00000195   Thumb Code     2  startup_lpc17xx.o(.text)
    DebugMon_Handler                         0x00000197   Thumb Code     2  startup_lpc17xx.o(.text)
    PendSV_Handler                           0x00000199   Thumb Code     2  startup_lpc17xx.o(.text)
    ADC_IRQHandler                           0x0000019d   Thumb Code     0  startup_lpc17xx.o(.text)
    BOD_IRQHandler                           0x0000019d   Thumb Code     0  startup_lpc17xx.o(.text)
    CAN_IRQHandler                           0x0000019d   Thumb Code     0  startup_lpc17xx.o(.text)
    DMA_IRQHandler                           0x0000019d   Thumb Code     0  startup_lpc17xx.o(.text)
    EINT0_IRQHandler                         0x0000019d   Thumb Code     0  startup_lpc17xx.o(.text)
    EINT1_IRQHandler                         0x0000019d   Thumb Code     0  startup_lpc17xx.o(.text)
    EINT2_IRQHandler                         0x0000019d   Thumb Code     0  startup_lpc17xx.o(.text)
    EINT3_IRQHandler                         0x0000019d   Thumb Code     0  startup_lpc17xx.o(.text)
    ENET_IRQHandler                          0x0000019d   Thumb Code     0  startup_lpc17xx.o(.text)
    I2C0_IRQHandler                          0x0000019d   Thumb Code     0  startup_lpc17xx.o(.text)
    I2C1_IRQHandler                          0x0000019d   Thumb Code     0  startup_lpc17xx.o(.text)
    I2C2_IRQHandler                          0x0000019d   Thumb Code     0  startup_lpc17xx.o(.text)
    I2S_IRQHandler                           0x0000019d   Thumb Code     0  startup_lpc17xx.o(.text)
    MCPWM_IRQHandler                         0x0000019d   Thumb Code     0  startup_lpc17xx.o(.text)
    PLL0_IRQHandler                          0x0000019d   Thumb Code     0  startup_lpc17xx.o(.text)
    PLL1_IRQHandler                          0x0000019d   Thumb Code     0  startup_lpc17xx.o(.text)
    PWM1_IRQHandler                          0x0000019d   Thumb Code     0  startup_lpc17xx.o(.text)
    QEI_IRQHandler                           0x0000019d   Thumb Code     0  startup_lpc17xx.o(.text)
    RIT_IRQHandler                           0x0000019d   Thumb Code     0  startup_lpc17xx.o(.text)
    RTC_IRQHandler                           0x0000019d   Thumb Code     0  startup_lpc17xx.o(.text)
    SPI_IRQHandler                           0x0000019d   Thumb Code     0  startup_lpc17xx.o(.text)
    SSP0_IRQHandler                          0x0000019d   Thumb Code     0  startup_lpc17xx.o(.text)
    SSP1_IRQHandler                          0x0000019d   Thumb Code     0  startup_lpc17xx.o(.text)
    TIMER0_IRQHandler                        0x0000019d   Thumb Code     0  startup_lpc17xx.o(.text)
    TIMER1_IRQHandler                        0x0000019d   Thumb Code     0  startup_lpc17xx.o(.text)
    TIMER2_IRQHandler                        0x0000019d   Thumb Code     0  startup_lpc17xx.o(.text)
    TIMER3_IRQHandler                        0x0000019d   Thumb Code     0  startup_lpc17xx.o(.text)
    UART0_IRQHandler                         0x0000019d   Thumb Code     0  startup_lpc17xx.o(.text)
    UART1_IRQHandler                         0x0000019d   Thumb Code     0  startup_lpc17xx.o(.text)
    UART2_IRQHandler                         0x0000019d   Thumb Code     0  startup_lpc17xx.o(.text)
    UART3_IRQHandler                         0x0000019d   Thumb Code     0  startup_lpc17xx.o(.text)
    USB_IRQHandler                           0x0000019d   Thumb Code     0  startup_lpc17xx.o(.text)
    WDT_IRQHandler                           0x0000019d   Thumb Code     0  startup_lpc17xx.o(.text)
    __user_initial_stackheap                 0x000001a1   Thumb Code     0  startup_lpc17xx.o(.text)
    __aeabi_uldivmod                         0x000001c1   Thumb Code     0  lludivv7m.o(.text)
    _ll_udiv                                 0x000001c1   Thumb Code   238  lludivv7m.o(.text)
    strstr                                   0x000002af   Thumb Code    36  strstr.o(.text)
    __use_two_region_memory                  0x000002d3   Thumb Code     2  heapauxi.o(.text)
    __rt_heap_escrow$2region                 0x000002d5   Thumb Code     2  heapauxi.o(.text)
    __rt_heap_expand$2region                 0x000002d7   Thumb Code     2  heapauxi.o(.text)
    exit                                     0x000002d9   Thumb Code    18  exit.o(.text)
    __user_libspace                          0x000002ed   Thumb Code     8  libspace.o(.text)
    __user_perproc_libspace                  0x000002ed   Thumb Code     0  libspace.o(.text)
    __user_perthread_libspace                0x000002ed   Thumb Code     0  libspace.o(.text)
    __I$use$semihosting                      0x000002f5   Thumb Code     0  use_no_semi.o(.text)
    __use_no_semihosting_swi                 0x000002f5   Thumb Code     2  use_no_semi.o(.text)
    __I$use$fp                               0x000002f6   Number         0  usenofp.o(x$fpl$usenofp)
    __semihosting_library_function           0x000002f7   Thumb Code     0  indicate_semi.o(.text)
    __user_setup_stackheap                   0x00000301   Thumb Code    74  sys_stackheap_outer.o(.text)
    _sys_exit                                0x0000034d   Thumb Code     8  sys_exit.o(.text)
    BlankCheckSector                         0x00000359   Thumb Code    56  lpc177x_8x_iap.o(i.BlankCheckSector)
    CLKPWR_ConfigPPWR                        0x00000395   Thumb Code    38  lpc177x_8x_clkpwr.o(i.CLKPWR_ConfigPPWR)
    CLKPWR_GetCLK                            0x000003c1   Thumb Code    46  lpc177x_8x_clkpwr.o(i.CLKPWR_GetCLK)
    CRC_CalcBlockChecksum                    0x00000401   Thumb Code    70  lpc177x_8x_crc.o(i.CRC_CalcBlockChecksum)
    CRC_Init                                 0x0000044d   Thumb Code    72  lpc177x_8x_crc.o(i.CRC_Init)
    CopyRAM2Flash                            0x0000049d   Thumb Code   132  lpc177x_8x_iap.o(i.CopyRAM2Flash)
    EraseSector                              0x0000055d   Thumb Code    66  lpc177x_8x_iap.o(i.EraseSector)
    GetSecNum                                0x000005a5   Thumb Code    16  lpc177x_8x_iap.o(i.GetSecNum)
    IAP_Cmd_Run                              0x000005b5   Thumb Code    52  cmd_process.o(i.IAP_Cmd_Run)
    PINSEL_ConfigPin                         0x000005ed   Thumb Code    40  lpc177x_8x_pinsel.o(i.PINSEL_ConfigPin)
    PrepareSector                            0x0000062d   Thumb Code    34  lpc177x_8x_iap.o(i.PrepareSector)
    ReadDeviceSerialNum                      0x00000655   Thumb Code    58  lpc177x_8x_iap.o(i.ReadDeviceSerialNum)
    ReadPartID                               0x00000695   Thumb Code    38  lpc177x_8x_iap.o(i.ReadPartID)
    SYSTICK_ClearCounterFlag                 0x000006c1   Thumb Code    18  lpc177x_8x_systick.o(i.SYSTICK_ClearCounterFlag)
    SYSTICK_Cmd                              0x000006d3   Thumb Code    40  lpc177x_8x_systick.o(i.SYSTICK_Cmd)
    SYSTICK_IntCmd                           0x000006fb   Thumb Code    40  lpc177x_8x_systick.o(i.SYSTICK_IntCmd)
    SYSTICK_InternalInit                     0x00000723   Thumb Code    92  lpc177x_8x_systick.o(i.SYSTICK_InternalInit)
    SysTick_Handler                          0x00000781   Thumb Code    50  main.o(i.SysTick_Handler)
    SystemInit                               0x000007b9   Thumb Code   188  system_lpc177x_8x.o(i.SystemInit)
    UARTGetChar                              0x00000885   Thumb Code    26  debug_frmwrk.o(i.UARTGetChar)
    UARTGetCharInNonBlock                    0x0000089f   Thumb Code    34  debug_frmwrk.o(i.UARTGetCharInNonBlock)
    UARTGetValue                             0x000008c1   Thumb Code   348  debug_frmwrk.o(i.UARTGetValue)
    UARTPutChar                              0x00000a7d   Thumb Code    18  debug_frmwrk.o(i.UARTPutChar)
    UARTPutDec                               0x00000a8f   Thumb Code    96  debug_frmwrk.o(i.UARTPutDec)
    UARTPutDec16                             0x00000aef   Thumb Code   160  debug_frmwrk.o(i.UARTPutDec16)
    UARTPutDec32                             0x00000b91   Thumb Code   280  debug_frmwrk.o(i.UARTPutDec32)
    UARTPutHex                               0x00000cbd   Thumb Code    66  debug_frmwrk.o(i.UARTPutHex)
    UARTPutHex16                             0x00000d05   Thumb Code    66  debug_frmwrk.o(i.UARTPutHex16)
    UARTPutHex16_                            0x00000d4d   Thumb Code    58  debug_frmwrk.o(i.UARTPutHex16_)
    UARTPutHex32                             0x00000d89   Thumb Code    66  debug_frmwrk.o(i.UARTPutHex32)
    UARTPutHex32_                            0x00000dd1   Thumb Code    58  debug_frmwrk.o(i.UARTPutHex32_)
    UARTPutHex_                              0x00000e0b   Thumb Code    58  debug_frmwrk.o(i.UARTPutHex_)
    UARTPuts                                 0x00000e45   Thumb Code    28  debug_frmwrk.o(i.UARTPuts)
    UARTPuts_                                0x00000e61   Thumb Code    24  debug_frmwrk.o(i.UARTPuts_)
    UART_ConfigStructInit                    0x00000e7d   Thumb Code    18  lpc177x_8x_uart.o(i.UART_ConfigStructInit)
    UART_Init                                0x00000e91   Thumb Code   308  lpc177x_8x_uart.o(i.UART_Init)
    UART_Receive                             0x00000fd5   Thumb Code   114  lpc177x_8x_uart.o(i.UART_Receive)
    UART_ReceiveByte                         0x00001049   Thumb Code    16  lpc177x_8x_uart.o(i.UART_ReceiveByte)
    UART_Send                                0x0000105d   Thumb Code   152  lpc177x_8x_uart.o(i.UART_Send)
    UART_SendByte                            0x000010f5   Thumb Code    14  lpc177x_8x_uart.o(i.UART_SendByte)
    UART_TxCmd                               0x00001109   Thumb Code    68  lpc177x_8x_uart.o(i.UART_TxCmd)
    debug_frmwrk_init                        0x00001151   Thumb Code   136  debug_frmwrk.o(i.debug_frmwrk_init)
    main                                     0x00001255   Thumb Code   184  main.o(i.main)
    runAPP_func                              0x0000133d   Thumb Code    66  main.o(i.runAPP_func)
    updata_func                              0x00001585   Thumb Code   522  cmd_process.o(i.updata_func)
    __fpl_fcmp_Inf                           0x0000196d   Thumb Code    24  fcmpi.o(x$fpl$fcmpinf)
    __aeabi_ui2f                             0x00001985   Thumb Code     0  fflt_clz.o(x$fpl$ffltu)
    _ffltu                                   0x00001985   Thumb Code    38  fflt_clz.o(x$fpl$ffltu)
    __aeabi_cfcmple                          0x000019ad   Thumb Code     0  fleqf.o(x$fpl$fleqf)
    _fcmple                                  0x000019ad   Thumb Code   104  fleqf.o(x$fpl$fleqf)
    __fpl_fcmple_InfNaN                      0x000019ff   Thumb Code     0  fleqf.o(x$fpl$fleqf)
    __fpl_fnaninf                            0x00001a15   Thumb Code   140  fnaninf.o(x$fpl$fnaninf)
    __aeabi_cfrcmple                         0x00001aa1   Thumb Code     0  frleqf.o(x$fpl$frleqf)
    _frcmple                                 0x00001aa1   Thumb Code    98  frleqf.o(x$fpl$frleqf)
    Region$$Table$$Base                      0x00001b60   Number         0  anon$$obj.o(Region$$Table)
    Region$$Table$$Limit                     0x00001b80   Number         0  anon$$obj.o(Region$$Table)
    _db_msg                                  0x10000000   Data           4  debug_frmwrk.o(.data)
    _db_msg_                                 0x10000004   Data           4  debug_frmwrk.o(.data)
    _db_char                                 0x10000008   Data           4  debug_frmwrk.o(.data)
    _db_dec                                  0x1000000c   Data           4  debug_frmwrk.o(.data)
    _db_dec_16                               0x10000010   Data           4  debug_frmwrk.o(.data)
    _db_dec_32                               0x10000014   Data           4  debug_frmwrk.o(.data)
    _db_hex                                  0x10000018   Data           4  debug_frmwrk.o(.data)
    _db_hex_16                               0x1000001c   Data           4  debug_frmwrk.o(.data)
    _db_hex_32                               0x10000020   Data           4  debug_frmwrk.o(.data)
    _db_hex_                                 0x10000024   Data           4  debug_frmwrk.o(.data)
    _db_hex_16_                              0x10000028   Data           4  debug_frmwrk.o(.data)
    _db_hex_32_                              0x1000002c   Data           4  debug_frmwrk.o(.data)
    _db_get_char                             0x10000030   Data           4  debug_frmwrk.o(.data)
    _db_get_char_nonblocking                 0x10000034   Data           4  debug_frmwrk.o(.data)
    _db_get_val                              0x10000038   Data           4  debug_frmwrk.o(.data)
    crc_cur_type                             0x1000003c   Data           1  lpc177x_8x_crc.o(.data)
    iap_entry                                0x10000040   Data           4  lpc177x_8x_iap.o(.data)
    IAP_JUMP_APP_FLAG                        0x10000044   Data           4  main.o(.data)
    cmd_flag                                 0x10000048   Data           1  main.o(.data)
    SystemCoreClock                          0x10000050   Data           4  system_lpc177x_8x.o(.data)
    PeripheralClock                          0x10000054   Data           4  system_lpc177x_8x.o(.data)
    EMCClock                                 0x10000058   Data           4  system_lpc177x_8x.o(.data)
    USBClock                                 0x1000005c   Data           4  system_lpc177x_8x.o(.data)
    code                                     0x10000064   Data        4096  main.o(.bss)
    Recieve_cmd_arry                         0x10001064   Data          12  main.o(.bss)
    __libspace_start                         0x10001070   Data          96  libspace.o(.bss)
    __temporary_stack_top$libspace           0x100010d0   Data           0  libspace.o(.bss)



==============================================================================

Memory Map of the image

  Image Entry point : 0x000000c5

  Load Region LR_IROM1 (Base: 0x00000000, Size: 0x00001be4, Max: 0x00080000, ABSOLUTE)

    Execution Region ER_IROM1 (Base: 0x00000000, Size: 0x00001b80, Max: 0x00080000, ABSOLUTE)

    Base Addr    Size         Type   Attr      Idx    E Section Name        Object

    0x00000000   0x000000c4   Data   RO          866    RESET               startup_lpc17xx.o
    0x000000c4   0x00000008   Code   RO          948  * !!!main             c_w.l(__main.o)
    0x000000cc   0x00000034   Code   RO         1130    !!!scatter          c_w.l(__scatter.o)
    0x00000100   0x0000001a   Code   RO         1132    !!handler_copy      c_w.l(__scatter_copy.o)
    0x0000011a   0x00000002   PAD
    0x0000011c   0x0000001c   Code   RO         1134    !!handler_zi        c_w.l(__scatter_zi.o)
    0x00000138   0x00000002   Code   RO         1000    .ARM.Collect$$libinit$$00000000  c_w.l(libinit.o)
    0x0000013a   0x00000000   Code   RO         1013    .ARM.Collect$$libinit$$00000002  c_w.l(libinit2.o)
    0x0000013a   0x00000000   Code   RO         1015    .ARM.Collect$$libinit$$00000004  c_w.l(libinit2.o)
    0x0000013a   0x00000000   Code   RO         1018    .ARM.Collect$$libinit$$0000000A  c_w.l(libinit2.o)
    0x0000013a   0x00000000   Code   RO         1020    .ARM.Collect$$libinit$$0000000C  c_w.l(libinit2.o)
    0x0000013a   0x00000000   Code   RO         1022    .ARM.Collect$$libinit$$0000000E  c_w.l(libinit2.o)
    0x0000013a   0x00000000   Code   RO         1025    .ARM.Collect$$libinit$$00000011  c_w.l(libinit2.o)
    0x0000013a   0x00000000   Code   RO         1027    .ARM.Collect$$libinit$$00000013  c_w.l(libinit2.o)
    0x0000013a   0x00000000   Code   RO         1029    .ARM.Collect$$libinit$$00000015  c_w.l(libinit2.o)
    0x0000013a   0x00000000   Code   RO         1031    .ARM.Collect$$libinit$$00000017  c_w.l(libinit2.o)
    0x0000013a   0x00000000   Code   RO         1033    .ARM.Collect$$libinit$$00000019  c_w.l(libinit2.o)
    0x0000013a   0x00000000   Code   RO         1035    .ARM.Collect$$libinit$$0000001B  c_w.l(libinit2.o)
    0x0000013a   0x00000000   Code   RO         1037    .ARM.Collect$$libinit$$0000001D  c_w.l(libinit2.o)
    0x0000013a   0x00000000   Code   RO         1039    .ARM.Collect$$libinit$$0000001F  c_w.l(libinit2.o)
    0x0000013a   0x00000000   Code   RO         1041    .ARM.Collect$$libinit$$00000021  c_w.l(libinit2.o)
    0x0000013a   0x00000000   Code   RO         1043    .ARM.Collect$$libinit$$00000023  c_w.l(libinit2.o)
    0x0000013a   0x00000000   Code   RO         1045    .ARM.Collect$$libinit$$00000025  c_w.l(libinit2.o)
    0x0000013a   0x00000000   Code   RO         1049    .ARM.Collect$$libinit$$0000002C  c_w.l(libinit2.o)
    0x0000013a   0x00000000   Code   RO         1051    .ARM.Collect$$libinit$$0000002E  c_w.l(libinit2.o)
    0x0000013a   0x00000000   Code   RO         1053    .ARM.Collect$$libinit$$00000030  c_w.l(libinit2.o)
    0x0000013a   0x00000000   Code   RO         1055    .ARM.Collect$$libinit$$00000032  c_w.l(libinit2.o)
    0x0000013a   0x00000002   Code   RO         1056    .ARM.Collect$$libinit$$00000033  c_w.l(libinit2.o)
    0x0000013c   0x00000002   Code   RO         1087    .ARM.Collect$$libshutdown$$00000000  c_w.l(libshutdown.o)
    0x0000013e   0x00000000   Code   RO         1113    .ARM.Collect$$libshutdown$$00000002  c_w.l(libshutdown2.o)
    0x0000013e   0x00000000   Code   RO         1115    .ARM.Collect$$libshutdown$$00000004  c_w.l(libshutdown2.o)
    0x0000013e   0x00000000   Code   RO         1118    .ARM.Collect$$libshutdown$$00000007  c_w.l(libshutdown2.o)
    0x0000013e   0x00000000   Code   RO         1121    .ARM.Collect$$libshutdown$$0000000A  c_w.l(libshutdown2.o)
    0x0000013e   0x00000000   Code   RO         1123    .ARM.Collect$$libshutdown$$0000000C  c_w.l(libshutdown2.o)
    0x0000013e   0x00000000   Code   RO         1126    .ARM.Collect$$libshutdown$$0000000F  c_w.l(libshutdown2.o)
    0x0000013e   0x00000002   Code   RO         1127    .ARM.Collect$$libshutdown$$00000010  c_w.l(libshutdown2.o)
    0x00000140   0x00000000   Code   RO          958    .ARM.Collect$$rtentry$$00000000  c_w.l(__rtentry.o)
    0x00000140   0x00000000   Code   RO          967    .ARM.Collect$$rtentry$$00000002  c_w.l(__rtentry2.o)
    0x00000140   0x00000006   Code   RO          979    .ARM.Collect$$rtentry$$00000004  c_w.l(__rtentry4.o)
    0x00000146   0x00000000   Code   RO          969    .ARM.Collect$$rtentry$$00000009  c_w.l(__rtentry2.o)
    0x00000146   0x00000004   Code   RO          970    .ARM.Collect$$rtentry$$0000000A  c_w.l(__rtentry2.o)
    0x0000014a   0x00000000   Code   RO          972    .ARM.Collect$$rtentry$$0000000C  c_w.l(__rtentry2.o)
    0x0000014a   0x00000008   Code   RO          973    .ARM.Collect$$rtentry$$0000000D  c_w.l(__rtentry2.o)
    0x00000152   0x00000002   Code   RO         1004    .ARM.Collect$$rtexit$$00000000  c_w.l(rtexit.o)
    0x00000154   0x00000000   Code   RO         1060    .ARM.Collect$$rtexit$$00000002  c_w.l(rtexit2.o)
    0x00000154   0x00000004   Code   RO         1061    .ARM.Collect$$rtexit$$00000003  c_w.l(rtexit2.o)
    0x00000158   0x00000006   Code   RO         1062    .ARM.Collect$$rtexit$$00000004  c_w.l(rtexit2.o)
    0x0000015e   0x00000002   PAD
    0x00000160   0x00000060   Code   RO          868    .text               startup_lpc17xx.o
    0x000001c0   0x000000ee   Code   RO          942    .text               c_w.l(lludivv7m.o)
    0x000002ae   0x00000024   Code   RO          944    .text               c_w.l(strstr.o)
    0x000002d2   0x00000006   Code   RO          946    .text               c_w.l(heapauxi.o)
    0x000002d8   0x00000012   Code   RO          989    .text               c_w.l(exit.o)
    0x000002ea   0x00000002   PAD
    0x000002ec   0x00000008   Code   RO         1001    .text               c_w.l(libspace.o)
    0x000002f4   0x00000002   Code   RO         1076    .text               c_w.l(use_no_semi.o)
    0x000002f6   0x00000000   Code   RO         1078    .text               c_w.l(indicate_semi.o)
    0x000002f6   0x00000000   Code   RO          965    x$fpl$usenofp       fz_ws.l(usenofp.o)
    0x000002f6   0x00000006   PAD
    0x000002fc   0x00000004   Code   RO          867    .ARM.__at_0x02FC    startup_lpc17xx.o
    0x00000300   0x0000004a   Code   RO          987    .text               c_w.l(sys_stackheap_outer.o)
    0x0000034a   0x00000002   PAD
    0x0000034c   0x0000000c   Code   RO         1057    .text               c_w.l(sys_exit.o)
    0x00000358   0x0000003c   Code   RO          484    i.BlankCheckSector  lpc177x_8x_iap.o
    0x00000394   0x0000002c   Code   RO          433    i.CLKPWR_ConfigPPWR  lpc177x_8x_clkpwr.o
    0x000003c0   0x00000040   Code   RO          436    i.CLKPWR_GetCLK     lpc177x_8x_clkpwr.o
    0x00000400   0x0000004c   Code   RO          144    i.CRC_CalcBlockChecksum  lpc177x_8x_crc.o
    0x0000044c   0x00000050   Code   RO          146    i.CRC_Init          lpc177x_8x_crc.o
    0x0000049c   0x000000c0   Code   RO          486    i.CopyRAM2Flash     lpc177x_8x_iap.o
    0x0000055c   0x00000048   Code   RO          487    i.EraseSector       lpc177x_8x_iap.o
    0x000005a4   0x00000010   Code   RO          488    i.GetSecNum         lpc177x_8x_iap.o
    0x000005b4   0x00000038   Code   RO          910    i.IAP_Cmd_Run       cmd_process.o
    0x000005ec   0x00000028   Code   RO          183    i.PINSEL_ConfigPin  lpc177x_8x_pinsel.o
    0x00000614   0x00000018   Code   RO          193    i.PIN_GetPointer    lpc177x_8x_pinsel.o
    0x0000062c   0x00000028   Code   RO          490    i.PrepareSector     lpc177x_8x_iap.o
    0x00000654   0x00000040   Code   RO          492    i.ReadDeviceSerialNum  lpc177x_8x_iap.o
    0x00000694   0x0000002c   Code   RO          493    i.ReadPartID        lpc177x_8x_iap.o
    0x000006c0   0x00000012   Code   RO          560    i.SYSTICK_ClearCounterFlag  lpc177x_8x_systick.o
    0x000006d2   0x00000028   Code   RO          561    i.SYSTICK_Cmd       lpc177x_8x_systick.o
    0x000006fa   0x00000028   Code   RO          564    i.SYSTICK_IntCmd    lpc177x_8x_systick.o
    0x00000722   0x0000005c   Code   RO          565    i.SYSTICK_InternalInit  lpc177x_8x_systick.o
    0x0000077e   0x00000002   PAD
    0x00000780   0x00000038   Code   RO          797    i.SysTick_Handler   main.o
    0x000007b8   0x000000cc   Code   RO          886    i.SystemInit        system_lpc177x_8x.o
    0x00000884   0x0000001a   Code   RO            2    i.UARTGetChar       debug_frmwrk.o
    0x0000089e   0x00000022   Code   RO            3    i.UARTGetCharInNonBlock  debug_frmwrk.o
    0x000008c0   0x000001bc   Code   RO            4    i.UARTGetValue      debug_frmwrk.o
    0x00000a7c   0x00000012   Code   RO            5    i.UARTPutChar       debug_frmwrk.o
    0x00000a8e   0x00000060   Code   RO            6    i.UARTPutDec        debug_frmwrk.o
    0x00000aee   0x000000a0   Code   RO            7    i.UARTPutDec16      debug_frmwrk.o
    0x00000b8e   0x00000002   PAD
    0x00000b90   0x0000012c   Code   RO            8    i.UARTPutDec32      debug_frmwrk.o
    0x00000cbc   0x00000048   Code   RO            9    i.UARTPutHex        debug_frmwrk.o
    0x00000d04   0x00000048   Code   RO           10    i.UARTPutHex16      debug_frmwrk.o
    0x00000d4c   0x0000003a   Code   RO           11    i.UARTPutHex16_     debug_frmwrk.o
    0x00000d86   0x00000002   PAD
    0x00000d88   0x00000048   Code   RO           12    i.UARTPutHex32      debug_frmwrk.o
    0x00000dd0   0x0000003a   Code   RO           13    i.UARTPutHex32_     debug_frmwrk.o
    0x00000e0a   0x0000003a   Code   RO           14    i.UARTPutHex_       debug_frmwrk.o
    0x00000e44   0x0000001c   Code   RO           15    i.UARTPuts          debug_frmwrk.o
    0x00000e60   0x0000001c   Code   RO           16    i.UARTPuts_         debug_frmwrk.o
    0x00000e7c   0x00000012   Code   RO          257    i.UART_ConfigStructInit  lpc177x_8x_uart.o
    0x00000e8e   0x00000002   PAD
    0x00000e90   0x00000144   Code   RO          267    i.UART_Init         lpc177x_8x_uart.o
    0x00000fd4   0x00000072   Code   RO          277    i.UART_Receive      lpc177x_8x_uart.o
    0x00001046   0x00000002   PAD
    0x00001048   0x00000014   Code   RO          278    i.UART_ReceiveByte  lpc177x_8x_uart.o
    0x0000105c   0x00000098   Code   RO          279    i.UART_Send         lpc177x_8x_uart.o
    0x000010f4   0x00000014   Code   RO          280    i.UART_SendByte     lpc177x_8x_uart.o
    0x00001108   0x00000048   Code   RO          281    i.UART_TxCmd        lpc177x_8x_uart.o
    0x00001150   0x00000104   Code   RO           17    i.debug_frmwrk_init  debug_frmwrk.o
    0x00001254   0x000000e8   Code   RO          798    i.main              main.o
    0x0000133c   0x000000b4   Code   RO          799    i.runAPP_func       main.o
    0x000013f0   0x00000194   Code   RO          282    i.uart_set_divisors  lpc177x_8x_uart.o
    0x00001584   0x000003e8   Code   RO          911    i.updata_func       cmd_process.o
    0x0000196c   0x00000018   Code   RO          983    x$fpl$fcmpinf       fz_ws.l(fcmpi.o)
    0x00001984   0x00000026   Code   RO          950    x$fpl$ffltu         fz_ws.l(fflt_clz.o)
    0x000019aa   0x00000002   PAD
    0x000019ac   0x00000068   Code   RO          963    x$fpl$fleqf         fz_ws.l(fleqf.o)
    0x00001a14   0x0000008c   Code   RO          985    x$fpl$fnaninf       fz_ws.l(fnaninf.o)
    0x00001aa0   0x00000062   Code   RO          956    x$fpl$frleqf        fz_ws.l(frleqf.o)
    0x00001b02   0x00000002   PAD
    0x00001b04   0x00000059   Data   RO           18    .conststring        debug_frmwrk.o
    0x00001b5d   0x00000003   PAD
    0x00001b60   0x00000020   Data   RO         1128    Region$$Table       anon$$obj.o


    Execution Region RW_IRAM1 (Base: 0x10000000, Size: 0x000012d0, Max: 0x00010000, ABSOLUTE)

    Base Addr    Size         Type   Attr      Idx    E Section Name        Object

    0x10000000   0x0000003c   Data   RW           19    .data               debug_frmwrk.o
    0x1000003c   0x00000001   Data   RW          148    .data               lpc177x_8x_crc.o
    0x1000003d   0x00000003   PAD
    0x10000040   0x00000004   Data   RW          494    .data               lpc177x_8x_iap.o
    0x10000044   0x0000000c   Data   RW          801    .data               main.o
    0x10000050   0x00000010   Data   RW          887    .data               system_lpc177x_8x.o
    0x10000060   0x00000001   Data   RW          912    .data               cmd_process.o
    0x10000061   0x00000003   PAD
    0x10000064   0x0000100c   Zero   RW          800    .bss                main.o
    0x10001070   0x00000060   Zero   RW         1002    .bss                c_w.l(libspace.o)
    0x100010d0   0x00000000   Zero   RW          865    HEAP                startup_lpc17xx.o
    0x100010d0   0x00000200   Zero   RW          864    STACK               startup_lpc17xx.o


==============================================================================

Image component sizes


      Code (inc. data)   RO Data    RW Data    ZI Data      Debug   Object Name

      1056        482          0          1          0       2191   cmd_process.o
      1784        274         89         60          0      45697   debug_frmwrk.o
       108         24          0          0          0       1056   lpc177x_8x_clkpwr.o
       156         14          0          1          0       2458   lpc177x_8x_crc.o
       488         88          0          4          0       6244   lpc177x_8x_iap.o
        64          6          0          0          0       1935   lpc177x_8x_pinsel.o
       190          0          0          0          0       1949   lpc177x_8x_systick.o
      1124         34          0          0          0       6235   lpc177x_8x_uart.o
       468        168          0         12       4108      19629   main.o
       100         28        196          0        512       1028   startup_lpc17xx.o
       204         16          0         16          0        845   system_lpc177x_8x.o

    ----------------------------------------------------------------------
      5752       1134        320        100       4620      89267   Object Totals
         0          0         32          0          0          0   (incl. Generated)
        10          0          3          6          0          0   (incl. Padding)

    ----------------------------------------------------------------------

      Code (inc. data)   RO Data    RW Data    ZI Data      Debug   Library Member Name

         8          0          0          0          0         68   __main.o
         0          0          0          0          0          0   __rtentry.o
        12          0          0          0          0          0   __rtentry2.o
         6          0          0          0          0          0   __rtentry4.o
        52          8          0          0          0          0   __scatter.o
        26          0          0          0          0          0   __scatter_copy.o
        28          0          0          0          0          0   __scatter_zi.o
        18          0          0          0          0         80   exit.o
         6          0          0          0          0        152   heapauxi.o
         0          0          0          0          0          0   indicate_semi.o
         2          0          0          0          0          0   libinit.o
         2          0          0          0          0          0   libinit2.o
         2          0          0          0          0          0   libshutdown.o
         2          0          0          0          0          0   libshutdown2.o
         8          4          0          0         96         68   libspace.o
       238          0          0          0          0        100   lludivv7m.o
         2          0          0          0          0          0   rtexit.o
        10          0          0          0          0          0   rtexit2.o
        36          0          0          0          0         80   strstr.o
        12          4          0          0          0         68   sys_exit.o
        74          0          0          0          0         80   sys_stackheap_outer.o
         2          0          0          0          0         68   use_no_semi.o
        24          0          0          0          0         68   fcmpi.o
        38          0          0          0          0         68   fflt_clz.o
       104          4          0          0          0         84   fleqf.o
       140          4          0          0          0         84   fnaninf.o
        98          0          0          0          0         68   frleqf.o
         0          0          0          0          0          0   usenofp.o

    ----------------------------------------------------------------------
       968         24          0          0         96       1136   Library Totals
        18          0          0          0          0          0   (incl. Padding)

    ----------------------------------------------------------------------

      Code (inc. data)   RO Data    RW Data    ZI Data      Debug   Library Name

       546         16          0          0         96        764   c_w.l
       404          8          0          0          0        372   fz_ws.l

    ----------------------------------------------------------------------
       968         24          0          0         96       1136   Library Totals

    ----------------------------------------------------------------------

==============================================================================


      Code (inc. data)   RO Data    RW Data    ZI Data      Debug   

      6720       1158        320        100       4716      87591   Grand Totals
      6720       1158        320        100       4716      87591   ELF Image Totals
      6720       1158        320        100          0          0   ROM Totals

==============================================================================

    Total RO  Size (Code + RO Data)                 7040 (   6.88kB)
    Total RW  Size (RW Data + ZI Data)              4816 (   4.70kB)
    Total ROM Size (Code + RO Data + RW Data)       7140 (   6.97kB)

==============================================================================

