<!doctype html public "-//w3c//dtd html 4.0 transitional//en">
<html><head>
<title>Static Call Graph - [.\Objects\IAPBOOT.axf]</title></head>
<body><HR>
<H1>Static Call Graph for image .\Objects\IAPBOOT.axf</H1><HR>
<BR><P>#&#060CALLGRAPH&#062# ARM Linker, 5060061: Last Updated: Mon Nov 06 11:08:07 2017
<BR><P>
<H3>Maximum Stack Usage =        192 bytes + Unknown(Functions without stacksize, Cycles, Untraceable Function Pointers)</H3><H3>
Call chain for Maximum Stack Depth:</H3>
__rt_entry_main &rArr; main &rArr; IAP_Cmd_Run &rArr; updata_func &rArr; CopyRAM2Flash &rArr; PrepareSector
<P>
<H3>
Functions with no stack information
</H3><UL>
 <LI><a href="#[52]">__user_initial_stackheap</a>
</UL>
</UL>
<P>
<H3>
Mutually Recursive functions
</H3> <LI><a href="#[5]">NMI_Handler</a>&nbsp;&nbsp;&nbsp;&rArr;&nbsp;&nbsp;&nbsp;<a href="#[5]">NMI_Handler</a><BR>
 <LI><a href="#[6]">HardFault_Handler</a>&nbsp;&nbsp;&nbsp;&rArr;&nbsp;&nbsp;&nbsp;<a href="#[6]">HardFault_Handler</a><BR>
 <LI><a href="#[7]">MemManage_Handler</a>&nbsp;&nbsp;&nbsp;&rArr;&nbsp;&nbsp;&nbsp;<a href="#[7]">MemManage_Handler</a><BR>
 <LI><a href="#[8]">BusFault_Handler</a>&nbsp;&nbsp;&nbsp;&rArr;&nbsp;&nbsp;&nbsp;<a href="#[8]">BusFault_Handler</a><BR>
 <LI><a href="#[9]">UsageFault_Handler</a>&nbsp;&nbsp;&nbsp;&rArr;&nbsp;&nbsp;&nbsp;<a href="#[9]">UsageFault_Handler</a><BR>
 <LI><a href="#[a]">SVC_Handler</a>&nbsp;&nbsp;&nbsp;&rArr;&nbsp;&nbsp;&nbsp;<a href="#[a]">SVC_Handler</a><BR>
 <LI><a href="#[b]">DebugMon_Handler</a>&nbsp;&nbsp;&nbsp;&rArr;&nbsp;&nbsp;&nbsp;<a href="#[b]">DebugMon_Handler</a><BR>
 <LI><a href="#[c]">PendSV_Handler</a>&nbsp;&nbsp;&nbsp;&rArr;&nbsp;&nbsp;&nbsp;<a href="#[c]">PendSV_Handler</a><BR>
 <LI><a href="#[24]">ADC_IRQHandler</a>&nbsp;&nbsp;&nbsp;&rArr;&nbsp;&nbsp;&nbsp;<a href="#[24]">ADC_IRQHandler</a><BR>
</UL>
<P>
<H3>
Function Pointers
</H3><UL>
 <LI><a href="#[24]">ADC_IRQHandler</a> from startup_lpc17xx.o(.text) referenced from startup_lpc17xx.o(RESET)
 <LI><a href="#[25]">BOD_IRQHandler</a> from startup_lpc17xx.o(.text) referenced from startup_lpc17xx.o(RESET)
 <LI><a href="#[8]">BusFault_Handler</a> from startup_lpc17xx.o(.text) referenced from startup_lpc17xx.o(RESET)
 <LI><a href="#[27]">CAN_IRQHandler</a> from startup_lpc17xx.o(.text) referenced from startup_lpc17xx.o(RESET)
 <LI><a href="#[28]">DMA_IRQHandler</a> from startup_lpc17xx.o(.text) referenced from startup_lpc17xx.o(RESET)
 <LI><a href="#[b]">DebugMon_Handler</a> from startup_lpc17xx.o(.text) referenced from startup_lpc17xx.o(RESET)
 <LI><a href="#[20]">EINT0_IRQHandler</a> from startup_lpc17xx.o(.text) referenced from startup_lpc17xx.o(RESET)
 <LI><a href="#[21]">EINT1_IRQHandler</a> from startup_lpc17xx.o(.text) referenced from startup_lpc17xx.o(RESET)
 <LI><a href="#[22]">EINT2_IRQHandler</a> from startup_lpc17xx.o(.text) referenced from startup_lpc17xx.o(RESET)
 <LI><a href="#[23]">EINT3_IRQHandler</a> from startup_lpc17xx.o(.text) referenced from startup_lpc17xx.o(RESET)
 <LI><a href="#[2a]">ENET_IRQHandler</a> from startup_lpc17xx.o(.text) referenced from startup_lpc17xx.o(RESET)
 <LI><a href="#[6]">HardFault_Handler</a> from startup_lpc17xx.o(.text) referenced from startup_lpc17xx.o(RESET)
 <LI><a href="#[18]">I2C0_IRQHandler</a> from startup_lpc17xx.o(.text) referenced from startup_lpc17xx.o(RESET)
 <LI><a href="#[19]">I2C1_IRQHandler</a> from startup_lpc17xx.o(.text) referenced from startup_lpc17xx.o(RESET)
 <LI><a href="#[1a]">I2C2_IRQHandler</a> from startup_lpc17xx.o(.text) referenced from startup_lpc17xx.o(RESET)
 <LI><a href="#[29]">I2S_IRQHandler</a> from startup_lpc17xx.o(.text) referenced from startup_lpc17xx.o(RESET)
 <LI><a href="#[2c]">MCPWM_IRQHandler</a> from startup_lpc17xx.o(.text) referenced from startup_lpc17xx.o(RESET)
 <LI><a href="#[7]">MemManage_Handler</a> from startup_lpc17xx.o(.text) referenced from startup_lpc17xx.o(RESET)
 <LI><a href="#[5]">NMI_Handler</a> from startup_lpc17xx.o(.text) referenced from startup_lpc17xx.o(RESET)
 <LI><a href="#[1e]">PLL0_IRQHandler</a> from startup_lpc17xx.o(.text) referenced from startup_lpc17xx.o(RESET)
 <LI><a href="#[2e]">PLL1_IRQHandler</a> from startup_lpc17xx.o(.text) referenced from startup_lpc17xx.o(RESET)
 <LI><a href="#[17]">PWM1_IRQHandler</a> from startup_lpc17xx.o(.text) referenced from startup_lpc17xx.o(RESET)
 <LI><a href="#[c]">PendSV_Handler</a> from startup_lpc17xx.o(.text) referenced from startup_lpc17xx.o(RESET)
 <LI><a href="#[2d]">QEI_IRQHandler</a> from startup_lpc17xx.o(.text) referenced from startup_lpc17xx.o(RESET)
 <LI><a href="#[2b]">RIT_IRQHandler</a> from startup_lpc17xx.o(.text) referenced from startup_lpc17xx.o(RESET)
 <LI><a href="#[1f]">RTC_IRQHandler</a> from startup_lpc17xx.o(.text) referenced from startup_lpc17xx.o(RESET)
 <LI><a href="#[4]">Reset_Handler</a> from startup_lpc17xx.o(.text) referenced from startup_lpc17xx.o(RESET)
 <LI><a href="#[1b]">SPI_IRQHandler</a> from startup_lpc17xx.o(.text) referenced from startup_lpc17xx.o(RESET)
 <LI><a href="#[1c]">SSP0_IRQHandler</a> from startup_lpc17xx.o(.text) referenced from startup_lpc17xx.o(RESET)
 <LI><a href="#[1d]">SSP1_IRQHandler</a> from startup_lpc17xx.o(.text) referenced from startup_lpc17xx.o(RESET)
 <LI><a href="#[a]">SVC_Handler</a> from startup_lpc17xx.o(.text) referenced from startup_lpc17xx.o(RESET)
 <LI><a href="#[d]">SysTick_Handler</a> from main.o(i.SysTick_Handler) referenced from startup_lpc17xx.o(RESET)
 <LI><a href="#[f]">TIMER0_IRQHandler</a> from startup_lpc17xx.o(.text) referenced from startup_lpc17xx.o(RESET)
 <LI><a href="#[10]">TIMER1_IRQHandler</a> from startup_lpc17xx.o(.text) referenced from startup_lpc17xx.o(RESET)
 <LI><a href="#[11]">TIMER2_IRQHandler</a> from startup_lpc17xx.o(.text) referenced from startup_lpc17xx.o(RESET)
 <LI><a href="#[12]">TIMER3_IRQHandler</a> from startup_lpc17xx.o(.text) referenced from startup_lpc17xx.o(RESET)
 <LI><a href="#[13]">UART0_IRQHandler</a> from startup_lpc17xx.o(.text) referenced from startup_lpc17xx.o(RESET)
 <LI><a href="#[14]">UART1_IRQHandler</a> from startup_lpc17xx.o(.text) referenced from startup_lpc17xx.o(RESET)
 <LI><a href="#[15]">UART2_IRQHandler</a> from startup_lpc17xx.o(.text) referenced from startup_lpc17xx.o(RESET)
 <LI><a href="#[16]">UART3_IRQHandler</a> from startup_lpc17xx.o(.text) referenced from startup_lpc17xx.o(RESET)
 <LI><a href="#[3c]">UARTGetChar</a> from debug_frmwrk.o(i.UARTGetChar) referenced from debug_frmwrk.o(i.debug_frmwrk_init)
 <LI><a href="#[3e]">UARTGetCharInNonBlock</a> from debug_frmwrk.o(i.UARTGetCharInNonBlock) referenced from debug_frmwrk.o(i.debug_frmwrk_init)
 <LI><a href="#[3d]">UARTGetValue</a> from debug_frmwrk.o(i.UARTGetValue) referenced from debug_frmwrk.o(i.debug_frmwrk_init)
 <LI><a href="#[32]">UARTPutChar</a> from debug_frmwrk.o(i.UARTPutChar) referenced from debug_frmwrk.o(i.debug_frmwrk_init)
 <LI><a href="#[39]">UARTPutDec</a> from debug_frmwrk.o(i.UARTPutDec) referenced from debug_frmwrk.o(i.debug_frmwrk_init)
 <LI><a href="#[3a]">UARTPutDec16</a> from debug_frmwrk.o(i.UARTPutDec16) referenced from debug_frmwrk.o(i.debug_frmwrk_init)
 <LI><a href="#[3b]">UARTPutDec32</a> from debug_frmwrk.o(i.UARTPutDec32) referenced from debug_frmwrk.o(i.debug_frmwrk_init)
 <LI><a href="#[33]">UARTPutHex</a> from debug_frmwrk.o(i.UARTPutHex) referenced from debug_frmwrk.o(i.debug_frmwrk_init)
 <LI><a href="#[34]">UARTPutHex16</a> from debug_frmwrk.o(i.UARTPutHex16) referenced from debug_frmwrk.o(i.debug_frmwrk_init)
 <LI><a href="#[37]">UARTPutHex16_</a> from debug_frmwrk.o(i.UARTPutHex16_) referenced from debug_frmwrk.o(i.debug_frmwrk_init)
 <LI><a href="#[35]">UARTPutHex32</a> from debug_frmwrk.o(i.UARTPutHex32) referenced from debug_frmwrk.o(i.debug_frmwrk_init)
 <LI><a href="#[38]">UARTPutHex32_</a> from debug_frmwrk.o(i.UARTPutHex32_) referenced from debug_frmwrk.o(i.debug_frmwrk_init)
 <LI><a href="#[36]">UARTPutHex_</a> from debug_frmwrk.o(i.UARTPutHex_) referenced from debug_frmwrk.o(i.debug_frmwrk_init)
 <LI><a href="#[30]">UARTPuts</a> from debug_frmwrk.o(i.UARTPuts) referenced from debug_frmwrk.o(i.debug_frmwrk_init)
 <LI><a href="#[31]">UARTPuts_</a> from debug_frmwrk.o(i.UARTPuts_) referenced from debug_frmwrk.o(i.debug_frmwrk_init)
 <LI><a href="#[26]">USB_IRQHandler</a> from startup_lpc17xx.o(.text) referenced from startup_lpc17xx.o(RESET)
 <LI><a href="#[9]">UsageFault_Handler</a> from startup_lpc17xx.o(.text) referenced from startup_lpc17xx.o(RESET)
 <LI><a href="#[e]">WDT_IRQHandler</a> from startup_lpc17xx.o(.text) referenced from startup_lpc17xx.o(RESET)
 <LI><a href="#[3f]">__main</a> from __main.o(!!!main) referenced from startup_lpc17xx.o(.text)
</UL>
<P>
<H3>
Global Symbols
</H3>
<P><STRONG><a name="[3f]"></a>__main</STRONG> (Thumb, 8 bytes, Stack size 0 bytes, __main.o(!!!main))
<BR><BR>[Calls]<UL><LI><a href="#[40]">&gt;&gt;</a>&nbsp;&nbsp;&nbsp;__scatterload
<LI><a href="#[41]">&gt;&gt;</a>&nbsp;&nbsp;&nbsp;__rt_entry
</UL>

<P><STRONG><a name="[40]"></a>__scatterload</STRONG> (Thumb, 0 bytes, Stack size unknown bytes, __scatter.o(!!!scatter))
<BR><BR>[Called By]<UL><LI><a href="#[3f]">&gt;&gt;</a>&nbsp;&nbsp;&nbsp;__main
</UL>

<P><STRONG><a name="[42]"></a>__scatterload_rt2</STRONG> (Thumb, 44 bytes, Stack size unknown bytes, __scatter.o(!!!scatter), UNUSED)
<BR><BR>[Calls]<UL><LI><a href="#[41]">&gt;&gt;</a>&nbsp;&nbsp;&nbsp;__rt_entry
</UL>

<P><STRONG><a name="[7a]"></a>__scatterload_rt2_thumb_only</STRONG> (Thumb, 0 bytes, Stack size unknown bytes, __scatter.o(!!!scatter), UNUSED)

<P><STRONG><a name="[7b]"></a>__scatterload_null</STRONG> (Thumb, 0 bytes, Stack size unknown bytes, __scatter.o(!!!scatter), UNUSED)

<P><STRONG><a name="[43]"></a>__scatterload_copy</STRONG> (Thumb, 26 bytes, Stack size unknown bytes, __scatter_copy.o(!!handler_copy), UNUSED)
<BR><BR>[Calls]<UL><LI><a href="#[43]">&gt;&gt;</a>&nbsp;&nbsp;&nbsp;__scatterload_copy
</UL>
<BR>[Called By]<UL><LI><a href="#[43]">&gt;&gt;</a>&nbsp;&nbsp;&nbsp;__scatterload_copy
</UL>

<P><STRONG><a name="[7c]"></a>__scatterload_zeroinit</STRONG> (Thumb, 28 bytes, Stack size unknown bytes, __scatter_zi.o(!!handler_zi), UNUSED)

<P><STRONG><a name="[47]"></a>__rt_lib_init</STRONG> (Thumb, 0 bytes, Stack size unknown bytes, libinit.o(.ARM.Collect$$libinit$$00000000))
<BR><BR>[Called By]<UL><LI><a href="#[46]">&gt;&gt;</a>&nbsp;&nbsp;&nbsp;__rt_entry_li
</UL>

<P><STRONG><a name="[7d]"></a>__rt_lib_init_alloca_1</STRONG> (Thumb, 0 bytes, Stack size unknown bytes, libinit2.o(.ARM.Collect$$libinit$$0000002E))

<P><STRONG><a name="[7e]"></a>__rt_lib_init_argv_1</STRONG> (Thumb, 0 bytes, Stack size unknown bytes, libinit2.o(.ARM.Collect$$libinit$$0000002C))

<P><STRONG><a name="[7f]"></a>__rt_lib_init_atexit_1</STRONG> (Thumb, 0 bytes, Stack size unknown bytes, libinit2.o(.ARM.Collect$$libinit$$0000001B))

<P><STRONG><a name="[80]"></a>__rt_lib_init_clock_1</STRONG> (Thumb, 0 bytes, Stack size unknown bytes, libinit2.o(.ARM.Collect$$libinit$$00000021))

<P><STRONG><a name="[81]"></a>__rt_lib_init_cpp_1</STRONG> (Thumb, 0 bytes, Stack size unknown bytes, libinit2.o(.ARM.Collect$$libinit$$00000032))

<P><STRONG><a name="[82]"></a>__rt_lib_init_exceptions_1</STRONG> (Thumb, 0 bytes, Stack size unknown bytes, libinit2.o(.ARM.Collect$$libinit$$00000030))

<P><STRONG><a name="[83]"></a>__rt_lib_init_fp_1</STRONG> (Thumb, 0 bytes, Stack size unknown bytes, libinit2.o(.ARM.Collect$$libinit$$00000002))

<P><STRONG><a name="[84]"></a>__rt_lib_init_fp_trap_1</STRONG> (Thumb, 0 bytes, Stack size unknown bytes, libinit2.o(.ARM.Collect$$libinit$$0000001F))

<P><STRONG><a name="[85]"></a>__rt_lib_init_getenv_1</STRONG> (Thumb, 0 bytes, Stack size unknown bytes, libinit2.o(.ARM.Collect$$libinit$$00000023))

<P><STRONG><a name="[86]"></a>__rt_lib_init_heap_1</STRONG> (Thumb, 0 bytes, Stack size unknown bytes, libinit2.o(.ARM.Collect$$libinit$$0000000A))

<P><STRONG><a name="[87]"></a>__rt_lib_init_lc_collate_1</STRONG> (Thumb, 0 bytes, Stack size unknown bytes, libinit2.o(.ARM.Collect$$libinit$$00000011))

<P><STRONG><a name="[88]"></a>__rt_lib_init_lc_ctype_1</STRONG> (Thumb, 0 bytes, Stack size unknown bytes, libinit2.o(.ARM.Collect$$libinit$$00000013))

<P><STRONG><a name="[89]"></a>__rt_lib_init_lc_monetary_1</STRONG> (Thumb, 0 bytes, Stack size unknown bytes, libinit2.o(.ARM.Collect$$libinit$$00000015))

<P><STRONG><a name="[8a]"></a>__rt_lib_init_lc_numeric_1</STRONG> (Thumb, 0 bytes, Stack size unknown bytes, libinit2.o(.ARM.Collect$$libinit$$00000017))

<P><STRONG><a name="[8b]"></a>__rt_lib_init_lc_time_1</STRONG> (Thumb, 0 bytes, Stack size unknown bytes, libinit2.o(.ARM.Collect$$libinit$$00000019))

<P><STRONG><a name="[8c]"></a>__rt_lib_init_preinit_1</STRONG> (Thumb, 0 bytes, Stack size unknown bytes, libinit2.o(.ARM.Collect$$libinit$$00000004))

<P><STRONG><a name="[8d]"></a>__rt_lib_init_rand_1</STRONG> (Thumb, 0 bytes, Stack size unknown bytes, libinit2.o(.ARM.Collect$$libinit$$0000000E))

<P><STRONG><a name="[8e]"></a>__rt_lib_init_return</STRONG> (Thumb, 0 bytes, Stack size unknown bytes, libinit2.o(.ARM.Collect$$libinit$$00000033))

<P><STRONG><a name="[8f]"></a>__rt_lib_init_signal_1</STRONG> (Thumb, 0 bytes, Stack size unknown bytes, libinit2.o(.ARM.Collect$$libinit$$0000001D))

<P><STRONG><a name="[90]"></a>__rt_lib_init_stdio_1</STRONG> (Thumb, 0 bytes, Stack size unknown bytes, libinit2.o(.ARM.Collect$$libinit$$00000025))

<P><STRONG><a name="[91]"></a>__rt_lib_init_user_alloc_1</STRONG> (Thumb, 0 bytes, Stack size unknown bytes, libinit2.o(.ARM.Collect$$libinit$$0000000C))

<P><STRONG><a name="[4c]"></a>__rt_lib_shutdown</STRONG> (Thumb, 0 bytes, Stack size unknown bytes, libshutdown.o(.ARM.Collect$$libshutdown$$00000000))
<BR><BR>[Called By]<UL><LI><a href="#[4b]">&gt;&gt;</a>&nbsp;&nbsp;&nbsp;__rt_exit_ls
</UL>

<P><STRONG><a name="[92]"></a>__rt_lib_shutdown_cpp_1</STRONG> (Thumb, 0 bytes, Stack size unknown bytes, libshutdown2.o(.ARM.Collect$$libshutdown$$00000002))

<P><STRONG><a name="[93]"></a>__rt_lib_shutdown_fp_trap_1</STRONG> (Thumb, 0 bytes, Stack size unknown bytes, libshutdown2.o(.ARM.Collect$$libshutdown$$00000007))

<P><STRONG><a name="[94]"></a>__rt_lib_shutdown_heap_1</STRONG> (Thumb, 0 bytes, Stack size unknown bytes, libshutdown2.o(.ARM.Collect$$libshutdown$$0000000F))

<P><STRONG><a name="[95]"></a>__rt_lib_shutdown_return</STRONG> (Thumb, 0 bytes, Stack size unknown bytes, libshutdown2.o(.ARM.Collect$$libshutdown$$00000010))

<P><STRONG><a name="[96]"></a>__rt_lib_shutdown_signal_1</STRONG> (Thumb, 0 bytes, Stack size unknown bytes, libshutdown2.o(.ARM.Collect$$libshutdown$$0000000A))

<P><STRONG><a name="[97]"></a>__rt_lib_shutdown_stdio_1</STRONG> (Thumb, 0 bytes, Stack size unknown bytes, libshutdown2.o(.ARM.Collect$$libshutdown$$00000004))

<P><STRONG><a name="[98]"></a>__rt_lib_shutdown_user_alloc_1</STRONG> (Thumb, 0 bytes, Stack size unknown bytes, libshutdown2.o(.ARM.Collect$$libshutdown$$0000000C))

<P><STRONG><a name="[41]"></a>__rt_entry</STRONG> (Thumb, 0 bytes, Stack size unknown bytes, __rtentry.o(.ARM.Collect$$rtentry$$00000000))
<BR><BR>[Called By]<UL><LI><a href="#[42]">&gt;&gt;</a>&nbsp;&nbsp;&nbsp;__scatterload_rt2
<LI><a href="#[3f]">&gt;&gt;</a>&nbsp;&nbsp;&nbsp;__main
</UL>

<P><STRONG><a name="[99]"></a>__rt_entry_presh_1</STRONG> (Thumb, 0 bytes, Stack size unknown bytes, __rtentry2.o(.ARM.Collect$$rtentry$$00000002))

<P><STRONG><a name="[44]"></a>__rt_entry_sh</STRONG> (Thumb, 0 bytes, Stack size unknown bytes, __rtentry4.o(.ARM.Collect$$rtentry$$00000004))
<BR><BR>[Stack]<UL><LI>Max Depth = 8 + Unknown Stack Size
<LI>Call Chain = __rt_entry_sh &rArr; __user_setup_stackheap
</UL>
<BR>[Calls]<UL><LI><a href="#[45]">&gt;&gt;</a>&nbsp;&nbsp;&nbsp;__user_setup_stackheap
</UL>

<P><STRONG><a name="[46]"></a>__rt_entry_li</STRONG> (Thumb, 0 bytes, Stack size unknown bytes, __rtentry2.o(.ARM.Collect$$rtentry$$0000000A))
<BR><BR>[Calls]<UL><LI><a href="#[47]">&gt;&gt;</a>&nbsp;&nbsp;&nbsp;__rt_lib_init
</UL>

<P><STRONG><a name="[9a]"></a>__rt_entry_postsh_1</STRONG> (Thumb, 0 bytes, Stack size unknown bytes, __rtentry2.o(.ARM.Collect$$rtentry$$00000009))

<P><STRONG><a name="[48]"></a>__rt_entry_main</STRONG> (Thumb, 0 bytes, Stack size unknown bytes, __rtentry2.o(.ARM.Collect$$rtentry$$0000000D))
<BR><BR>[Stack]<UL><LI>Max Depth = 192 + Unknown Stack Size
<LI>Call Chain = __rt_entry_main &rArr; main &rArr; IAP_Cmd_Run &rArr; updata_func &rArr; CopyRAM2Flash &rArr; PrepareSector
</UL>
<BR>[Calls]<UL><LI><a href="#[4a]">&gt;&gt;</a>&nbsp;&nbsp;&nbsp;exit
<LI><a href="#[49]">&gt;&gt;</a>&nbsp;&nbsp;&nbsp;main
</UL>

<P><STRONG><a name="[9b]"></a>__rt_entry_postli_1</STRONG> (Thumb, 0 bytes, Stack size unknown bytes, __rtentry2.o(.ARM.Collect$$rtentry$$0000000C))

<P><STRONG><a name="[50]"></a>__rt_exit</STRONG> (Thumb, 0 bytes, Stack size unknown bytes, rtexit.o(.ARM.Collect$$rtexit$$00000000))
<BR><BR>[Called By]<UL><LI><a href="#[4a]">&gt;&gt;</a>&nbsp;&nbsp;&nbsp;exit
</UL>

<P><STRONG><a name="[4b]"></a>__rt_exit_ls</STRONG> (Thumb, 0 bytes, Stack size unknown bytes, rtexit2.o(.ARM.Collect$$rtexit$$00000003))
<BR><BR>[Calls]<UL><LI><a href="#[4c]">&gt;&gt;</a>&nbsp;&nbsp;&nbsp;__rt_lib_shutdown
</UL>

<P><STRONG><a name="[9c]"></a>__rt_exit_prels_1</STRONG> (Thumb, 0 bytes, Stack size unknown bytes, rtexit2.o(.ARM.Collect$$rtexit$$00000002))

<P><STRONG><a name="[4d]"></a>__rt_exit_exit</STRONG> (Thumb, 0 bytes, Stack size unknown bytes, rtexit2.o(.ARM.Collect$$rtexit$$00000004))
<BR><BR>[Calls]<UL><LI><a href="#[4e]">&gt;&gt;</a>&nbsp;&nbsp;&nbsp;_sys_exit
</UL>

<P><STRONG><a name="[4]"></a>Reset_Handler</STRONG> (Thumb, 16 bytes, Stack size 0 bytes, startup_lpc17xx.o(.text))
<BR><BR>[Calls]<UL><LI><a href="#[4f]">&gt;&gt;</a>&nbsp;&nbsp;&nbsp;APP
</UL>
<BR>[Address Reference Count : 1]<UL><LI> startup_lpc17xx.o(RESET)
</UL>
<P><STRONG><a name="[5]"></a>NMI_Handler</STRONG> (Thumb, 2 bytes, Stack size 0 bytes, startup_lpc17xx.o(.text))
<BR><BR>[Calls]<UL><LI><a href="#[5]">&gt;&gt;</a>&nbsp;&nbsp;&nbsp;NMI_Handler
</UL>
<BR>[Called By]<UL><LI><a href="#[5]">&gt;&gt;</a>&nbsp;&nbsp;&nbsp;NMI_Handler
</UL>
<BR>[Address Reference Count : 1]<UL><LI> startup_lpc17xx.o(RESET)
</UL>
<P><STRONG><a name="[6]"></a>HardFault_Handler</STRONG> (Thumb, 2 bytes, Stack size 0 bytes, startup_lpc17xx.o(.text))
<BR><BR>[Calls]<UL><LI><a href="#[6]">&gt;&gt;</a>&nbsp;&nbsp;&nbsp;HardFault_Handler
</UL>
<BR>[Called By]<UL><LI><a href="#[6]">&gt;&gt;</a>&nbsp;&nbsp;&nbsp;HardFault_Handler
</UL>
<BR>[Address Reference Count : 1]<UL><LI> startup_lpc17xx.o(RESET)
</UL>
<P><STRONG><a name="[7]"></a>MemManage_Handler</STRONG> (Thumb, 2 bytes, Stack size 0 bytes, startup_lpc17xx.o(.text))
<BR><BR>[Calls]<UL><LI><a href="#[7]">&gt;&gt;</a>&nbsp;&nbsp;&nbsp;MemManage_Handler
</UL>
<BR>[Called By]<UL><LI><a href="#[7]">&gt;&gt;</a>&nbsp;&nbsp;&nbsp;MemManage_Handler
</UL>
<BR>[Address Reference Count : 1]<UL><LI> startup_lpc17xx.o(RESET)
</UL>
<P><STRONG><a name="[8]"></a>BusFault_Handler</STRONG> (Thumb, 2 bytes, Stack size 0 bytes, startup_lpc17xx.o(.text))
<BR><BR>[Calls]<UL><LI><a href="#[8]">&gt;&gt;</a>&nbsp;&nbsp;&nbsp;BusFault_Handler
</UL>
<BR>[Called By]<UL><LI><a href="#[8]">&gt;&gt;</a>&nbsp;&nbsp;&nbsp;BusFault_Handler
</UL>
<BR>[Address Reference Count : 1]<UL><LI> startup_lpc17xx.o(RESET)
</UL>
<P><STRONG><a name="[9]"></a>UsageFault_Handler</STRONG> (Thumb, 2 bytes, Stack size 0 bytes, startup_lpc17xx.o(.text))
<BR><BR>[Calls]<UL><LI><a href="#[9]">&gt;&gt;</a>&nbsp;&nbsp;&nbsp;UsageFault_Handler
</UL>
<BR>[Called By]<UL><LI><a href="#[9]">&gt;&gt;</a>&nbsp;&nbsp;&nbsp;UsageFault_Handler
</UL>
<BR>[Address Reference Count : 1]<UL><LI> startup_lpc17xx.o(RESET)
</UL>
<P><STRONG><a name="[a]"></a>SVC_Handler</STRONG> (Thumb, 2 bytes, Stack size 0 bytes, startup_lpc17xx.o(.text))
<BR><BR>[Calls]<UL><LI><a href="#[a]">&gt;&gt;</a>&nbsp;&nbsp;&nbsp;SVC_Handler
</UL>
<BR>[Called By]<UL><LI><a href="#[a]">&gt;&gt;</a>&nbsp;&nbsp;&nbsp;SVC_Handler
</UL>
<BR>[Address Reference Count : 1]<UL><LI> startup_lpc17xx.o(RESET)
</UL>
<P><STRONG><a name="[b]"></a>DebugMon_Handler</STRONG> (Thumb, 2 bytes, Stack size 0 bytes, startup_lpc17xx.o(.text))
<BR><BR>[Calls]<UL><LI><a href="#[b]">&gt;&gt;</a>&nbsp;&nbsp;&nbsp;DebugMon_Handler
</UL>
<BR>[Called By]<UL><LI><a href="#[b]">&gt;&gt;</a>&nbsp;&nbsp;&nbsp;DebugMon_Handler
</UL>
<BR>[Address Reference Count : 1]<UL><LI> startup_lpc17xx.o(RESET)
</UL>
<P><STRONG><a name="[c]"></a>PendSV_Handler</STRONG> (Thumb, 2 bytes, Stack size 0 bytes, startup_lpc17xx.o(.text))
<BR><BR>[Calls]<UL><LI><a href="#[c]">&gt;&gt;</a>&nbsp;&nbsp;&nbsp;PendSV_Handler
</UL>
<BR>[Called By]<UL><LI><a href="#[c]">&gt;&gt;</a>&nbsp;&nbsp;&nbsp;PendSV_Handler
</UL>
<BR>[Address Reference Count : 1]<UL><LI> startup_lpc17xx.o(RESET)
</UL>
<P><STRONG><a name="[24]"></a>ADC_IRQHandler</STRONG> (Thumb, 0 bytes, Stack size 0 bytes, startup_lpc17xx.o(.text))
<BR><BR>[Calls]<UL><LI><a href="#[24]">&gt;&gt;</a>&nbsp;&nbsp;&nbsp;ADC_IRQHandler
</UL>
<BR>[Called By]<UL><LI><a href="#[24]">&gt;&gt;</a>&nbsp;&nbsp;&nbsp;ADC_IRQHandler
</UL>
<BR>[Address Reference Count : 1]<UL><LI> startup_lpc17xx.o(RESET)
</UL>
<P><STRONG><a name="[25]"></a>BOD_IRQHandler</STRONG> (Thumb, 0 bytes, Stack size 0 bytes, startup_lpc17xx.o(.text))
<BR>[Address Reference Count : 1]<UL><LI> startup_lpc17xx.o(RESET)
</UL>
<P><STRONG><a name="[27]"></a>CAN_IRQHandler</STRONG> (Thumb, 0 bytes, Stack size 0 bytes, startup_lpc17xx.o(.text))
<BR>[Address Reference Count : 1]<UL><LI> startup_lpc17xx.o(RESET)
</UL>
<P><STRONG><a name="[28]"></a>DMA_IRQHandler</STRONG> (Thumb, 0 bytes, Stack size 0 bytes, startup_lpc17xx.o(.text))
<BR>[Address Reference Count : 1]<UL><LI> startup_lpc17xx.o(RESET)
</UL>
<P><STRONG><a name="[20]"></a>EINT0_IRQHandler</STRONG> (Thumb, 0 bytes, Stack size 0 bytes, startup_lpc17xx.o(.text))
<BR>[Address Reference Count : 1]<UL><LI> startup_lpc17xx.o(RESET)
</UL>
<P><STRONG><a name="[21]"></a>EINT1_IRQHandler</STRONG> (Thumb, 0 bytes, Stack size 0 bytes, startup_lpc17xx.o(.text))
<BR>[Address Reference Count : 1]<UL><LI> startup_lpc17xx.o(RESET)
</UL>
<P><STRONG><a name="[22]"></a>EINT2_IRQHandler</STRONG> (Thumb, 0 bytes, Stack size 0 bytes, startup_lpc17xx.o(.text))
<BR>[Address Reference Count : 1]<UL><LI> startup_lpc17xx.o(RESET)
</UL>
<P><STRONG><a name="[23]"></a>EINT3_IRQHandler</STRONG> (Thumb, 0 bytes, Stack size 0 bytes, startup_lpc17xx.o(.text))
<BR>[Address Reference Count : 1]<UL><LI> startup_lpc17xx.o(RESET)
</UL>
<P><STRONG><a name="[2a]"></a>ENET_IRQHandler</STRONG> (Thumb, 0 bytes, Stack size 0 bytes, startup_lpc17xx.o(.text))
<BR>[Address Reference Count : 1]<UL><LI> startup_lpc17xx.o(RESET)
</UL>
<P><STRONG><a name="[18]"></a>I2C0_IRQHandler</STRONG> (Thumb, 0 bytes, Stack size 0 bytes, startup_lpc17xx.o(.text))
<BR>[Address Reference Count : 1]<UL><LI> startup_lpc17xx.o(RESET)
</UL>
<P><STRONG><a name="[19]"></a>I2C1_IRQHandler</STRONG> (Thumb, 0 bytes, Stack size 0 bytes, startup_lpc17xx.o(.text))
<BR>[Address Reference Count : 1]<UL><LI> startup_lpc17xx.o(RESET)
</UL>
<P><STRONG><a name="[1a]"></a>I2C2_IRQHandler</STRONG> (Thumb, 0 bytes, Stack size 0 bytes, startup_lpc17xx.o(.text))
<BR>[Address Reference Count : 1]<UL><LI> startup_lpc17xx.o(RESET)
</UL>
<P><STRONG><a name="[29]"></a>I2S_IRQHandler</STRONG> (Thumb, 0 bytes, Stack size 0 bytes, startup_lpc17xx.o(.text))
<BR>[Address Reference Count : 1]<UL><LI> startup_lpc17xx.o(RESET)
</UL>
<P><STRONG><a name="[2c]"></a>MCPWM_IRQHandler</STRONG> (Thumb, 0 bytes, Stack size 0 bytes, startup_lpc17xx.o(.text))
<BR>[Address Reference Count : 1]<UL><LI> startup_lpc17xx.o(RESET)
</UL>
<P><STRONG><a name="[1e]"></a>PLL0_IRQHandler</STRONG> (Thumb, 0 bytes, Stack size 0 bytes, startup_lpc17xx.o(.text))
<BR>[Address Reference Count : 1]<UL><LI> startup_lpc17xx.o(RESET)
</UL>
<P><STRONG><a name="[2e]"></a>PLL1_IRQHandler</STRONG> (Thumb, 0 bytes, Stack size 0 bytes, startup_lpc17xx.o(.text))
<BR>[Address Reference Count : 1]<UL><LI> startup_lpc17xx.o(RESET)
</UL>
<P><STRONG><a name="[17]"></a>PWM1_IRQHandler</STRONG> (Thumb, 0 bytes, Stack size 0 bytes, startup_lpc17xx.o(.text))
<BR>[Address Reference Count : 1]<UL><LI> startup_lpc17xx.o(RESET)
</UL>
<P><STRONG><a name="[2d]"></a>QEI_IRQHandler</STRONG> (Thumb, 0 bytes, Stack size 0 bytes, startup_lpc17xx.o(.text))
<BR>[Address Reference Count : 1]<UL><LI> startup_lpc17xx.o(RESET)
</UL>
<P><STRONG><a name="[2b]"></a>RIT_IRQHandler</STRONG> (Thumb, 0 bytes, Stack size 0 bytes, startup_lpc17xx.o(.text))
<BR>[Address Reference Count : 1]<UL><LI> startup_lpc17xx.o(RESET)
</UL>
<P><STRONG><a name="[1f]"></a>RTC_IRQHandler</STRONG> (Thumb, 0 bytes, Stack size 0 bytes, startup_lpc17xx.o(.text))
<BR>[Address Reference Count : 1]<UL><LI> startup_lpc17xx.o(RESET)
</UL>
<P><STRONG><a name="[1b]"></a>SPI_IRQHandler</STRONG> (Thumb, 0 bytes, Stack size 0 bytes, startup_lpc17xx.o(.text))
<BR>[Address Reference Count : 1]<UL><LI> startup_lpc17xx.o(RESET)
</UL>
<P><STRONG><a name="[1c]"></a>SSP0_IRQHandler</STRONG> (Thumb, 0 bytes, Stack size 0 bytes, startup_lpc17xx.o(.text))
<BR>[Address Reference Count : 1]<UL><LI> startup_lpc17xx.o(RESET)
</UL>
<P><STRONG><a name="[1d]"></a>SSP1_IRQHandler</STRONG> (Thumb, 0 bytes, Stack size 0 bytes, startup_lpc17xx.o(.text))
<BR>[Address Reference Count : 1]<UL><LI> startup_lpc17xx.o(RESET)
</UL>
<P><STRONG><a name="[f]"></a>TIMER0_IRQHandler</STRONG> (Thumb, 0 bytes, Stack size 0 bytes, startup_lpc17xx.o(.text))
<BR>[Address Reference Count : 1]<UL><LI> startup_lpc17xx.o(RESET)
</UL>
<P><STRONG><a name="[10]"></a>TIMER1_IRQHandler</STRONG> (Thumb, 0 bytes, Stack size 0 bytes, startup_lpc17xx.o(.text))
<BR>[Address Reference Count : 1]<UL><LI> startup_lpc17xx.o(RESET)
</UL>
<P><STRONG><a name="[11]"></a>TIMER2_IRQHandler</STRONG> (Thumb, 0 bytes, Stack size 0 bytes, startup_lpc17xx.o(.text))
<BR>[Address Reference Count : 1]<UL><LI> startup_lpc17xx.o(RESET)
</UL>
<P><STRONG><a name="[12]"></a>TIMER3_IRQHandler</STRONG> (Thumb, 0 bytes, Stack size 0 bytes, startup_lpc17xx.o(.text))
<BR>[Address Reference Count : 1]<UL><LI> startup_lpc17xx.o(RESET)
</UL>
<P><STRONG><a name="[13]"></a>UART0_IRQHandler</STRONG> (Thumb, 0 bytes, Stack size 0 bytes, startup_lpc17xx.o(.text))
<BR>[Address Reference Count : 1]<UL><LI> startup_lpc17xx.o(RESET)
</UL>
<P><STRONG><a name="[14]"></a>UART1_IRQHandler</STRONG> (Thumb, 0 bytes, Stack size 0 bytes, startup_lpc17xx.o(.text))
<BR>[Address Reference Count : 1]<UL><LI> startup_lpc17xx.o(RESET)
</UL>
<P><STRONG><a name="[15]"></a>UART2_IRQHandler</STRONG> (Thumb, 0 bytes, Stack size 0 bytes, startup_lpc17xx.o(.text))
<BR>[Address Reference Count : 1]<UL><LI> startup_lpc17xx.o(RESET)
</UL>
<P><STRONG><a name="[16]"></a>UART3_IRQHandler</STRONG> (Thumb, 0 bytes, Stack size 0 bytes, startup_lpc17xx.o(.text))
<BR>[Address Reference Count : 1]<UL><LI> startup_lpc17xx.o(RESET)
</UL>
<P><STRONG><a name="[26]"></a>USB_IRQHandler</STRONG> (Thumb, 0 bytes, Stack size 0 bytes, startup_lpc17xx.o(.text))
<BR>[Address Reference Count : 1]<UL><LI> startup_lpc17xx.o(RESET)
</UL>
<P><STRONG><a name="[e]"></a>WDT_IRQHandler</STRONG> (Thumb, 0 bytes, Stack size 0 bytes, startup_lpc17xx.o(.text))
<BR>[Address Reference Count : 1]<UL><LI> startup_lpc17xx.o(RESET)
</UL>
<P><STRONG><a name="[52]"></a>__user_initial_stackheap</STRONG> (Thumb, 0 bytes, Stack size unknown bytes, startup_lpc17xx.o(.text))
<BR><BR>[Called By]<UL><LI><a href="#[45]">&gt;&gt;</a>&nbsp;&nbsp;&nbsp;__user_setup_stackheap
</UL>

<P><STRONG><a name="[6f]"></a>__aeabi_uldivmod</STRONG> (Thumb, 0 bytes, Stack size 48 bytes, lludivv7m.o(.text))
<BR><BR>[Stack]<UL><LI>Max Depth = 48<LI>Call Chain = __aeabi_uldivmod
</UL>
<BR>[Called By]<UL><LI><a href="#[67]">&gt;&gt;</a>&nbsp;&nbsp;&nbsp;uart_set_divisors
</UL>

<P><STRONG><a name="[9d]"></a>_ll_udiv</STRONG> (Thumb, 238 bytes, Stack size 48 bytes, lludivv7m.o(.text), UNUSED)

<P><STRONG><a name="[6e]"></a>strstr</STRONG> (Thumb, 36 bytes, Stack size 12 bytes, strstr.o(.text))
<BR><BR>[Stack]<UL><LI>Max Depth = 12<LI>Call Chain = strstr
</UL>
<BR>[Called By]<UL><LI><a href="#[49]">&gt;&gt;</a>&nbsp;&nbsp;&nbsp;main
</UL>

<P><STRONG><a name="[9e]"></a>__use_two_region_memory</STRONG> (Thumb, 2 bytes, Stack size 0 bytes, heapauxi.o(.text), UNUSED)

<P><STRONG><a name="[9f]"></a>__rt_heap_escrow$2region</STRONG> (Thumb, 2 bytes, Stack size 0 bytes, heapauxi.o(.text), UNUSED)

<P><STRONG><a name="[a0]"></a>__rt_heap_expand$2region</STRONG> (Thumb, 2 bytes, Stack size 0 bytes, heapauxi.o(.text), UNUSED)

<P><STRONG><a name="[4a]"></a>exit</STRONG> (Thumb, 18 bytes, Stack size 8 bytes, exit.o(.text))
<BR><BR>[Stack]<UL><LI>Max Depth = 8 + Unknown Stack Size
<LI>Call Chain = exit
</UL>
<BR>[Calls]<UL><LI><a href="#[50]">&gt;&gt;</a>&nbsp;&nbsp;&nbsp;__rt_exit
</UL>
<BR>[Called By]<UL><LI><a href="#[48]">&gt;&gt;</a>&nbsp;&nbsp;&nbsp;__rt_entry_main
</UL>

<P><STRONG><a name="[a1]"></a>__user_libspace</STRONG> (Thumb, 8 bytes, Stack size 0 bytes, libspace.o(.text), UNUSED)

<P><STRONG><a name="[51]"></a>__user_perproc_libspace</STRONG> (Thumb, 0 bytes, Stack size 0 bytes, libspace.o(.text))
<BR><BR>[Called By]<UL><LI><a href="#[45]">&gt;&gt;</a>&nbsp;&nbsp;&nbsp;__user_setup_stackheap
</UL>

<P><STRONG><a name="[a2]"></a>__user_perthread_libspace</STRONG> (Thumb, 0 bytes, Stack size 0 bytes, libspace.o(.text), UNUSED)

<P><STRONG><a name="[a3]"></a>__I$use$semihosting</STRONG> (Thumb, 0 bytes, Stack size 0 bytes, use_no_semi.o(.text), UNUSED)

<P><STRONG><a name="[a4]"></a>__use_no_semihosting_swi</STRONG> (Thumb, 2 bytes, Stack size 0 bytes, use_no_semi.o(.text), UNUSED)

<P><STRONG><a name="[a5]"></a>__semihosting_library_function</STRONG> (Thumb, 0 bytes, Stack size unknown bytes, indicate_semi.o(.text), UNUSED)

<P><STRONG><a name="[45]"></a>__user_setup_stackheap</STRONG> (Thumb, 74 bytes, Stack size 8 bytes, sys_stackheap_outer.o(.text))
<BR><BR>[Stack]<UL><LI>Max Depth = 8 + Unknown Stack Size
<LI>Call Chain = __user_setup_stackheap
</UL>
<BR>[Calls]<UL><LI><a href="#[51]">&gt;&gt;</a>&nbsp;&nbsp;&nbsp;__user_perproc_libspace
<LI><a href="#[52]">&gt;&gt;</a>&nbsp;&nbsp;&nbsp;__user_initial_stackheap
</UL>
<BR>[Called By]<UL><LI><a href="#[44]">&gt;&gt;</a>&nbsp;&nbsp;&nbsp;__rt_entry_sh
</UL>

<P><STRONG><a name="[4e]"></a>_sys_exit</STRONG> (Thumb, 8 bytes, Stack size 0 bytes, sys_exit.o(.text))
<BR><BR>[Called By]<UL><LI><a href="#[4d]">&gt;&gt;</a>&nbsp;&nbsp;&nbsp;__rt_exit_exit
</UL>

<P><STRONG><a name="[74]"></a>BlankCheckSector</STRONG> (Thumb, 56 bytes, Stack size 64 bytes, lpc177x_8x_iap.o(i.BlankCheckSector))
<BR><BR>[Stack]<UL><LI>Max Depth = 64<LI>Call Chain = BlankCheckSector
</UL>
<BR>[Called By]<UL><LI><a href="#[59]">&gt;&gt;</a>&nbsp;&nbsp;&nbsp;updata_func
</UL>

<P><STRONG><a name="[66]"></a>CLKPWR_ConfigPPWR</STRONG> (Thumb, 38 bytes, Stack size 0 bytes, lpc177x_8x_clkpwr.o(i.CLKPWR_ConfigPPWR))
<BR><BR>[Called By]<UL><LI><a href="#[65]">&gt;&gt;</a>&nbsp;&nbsp;&nbsp;UART_Init
</UL>

<P><STRONG><a name="[56]"></a>CLKPWR_GetCLK</STRONG> (Thumb, 46 bytes, Stack size 0 bytes, lpc177x_8x_clkpwr.o(i.CLKPWR_GetCLK))
<BR><BR>[Called By]<UL><LI><a href="#[5d]">&gt;&gt;</a>&nbsp;&nbsp;&nbsp;SYSTICK_InternalInit
<LI><a href="#[57]">&gt;&gt;</a>&nbsp;&nbsp;&nbsp;EraseSector
<LI><a href="#[53]">&gt;&gt;</a>&nbsp;&nbsp;&nbsp;CopyRAM2Flash
<LI><a href="#[67]">&gt;&gt;</a>&nbsp;&nbsp;&nbsp;uart_set_divisors
</UL>

<P><STRONG><a name="[71]"></a>CRC_CalcBlockChecksum</STRONG> (Thumb, 70 bytes, Stack size 16 bytes, lpc177x_8x_crc.o(i.CRC_CalcBlockChecksum))
<BR><BR>[Stack]<UL><LI>Max Depth = 16<LI>Call Chain = CRC_CalcBlockChecksum
</UL>
<BR>[Called By]<UL><LI><a href="#[59]">&gt;&gt;</a>&nbsp;&nbsp;&nbsp;updata_func
</UL>

<P><STRONG><a name="[70]"></a>CRC_Init</STRONG> (Thumb, 72 bytes, Stack size 0 bytes, lpc177x_8x_crc.o(i.CRC_Init))
<BR><BR>[Called By]<UL><LI><a href="#[59]">&gt;&gt;</a>&nbsp;&nbsp;&nbsp;updata_func
</UL>

<P><STRONG><a name="[53]"></a>CopyRAM2Flash</STRONG> (Thumb, 132 bytes, Stack size 64 bytes, lpc177x_8x_iap.o(i.CopyRAM2Flash))
<BR><BR>[Stack]<UL><LI>Max Depth = 120<LI>Call Chain = CopyRAM2Flash &rArr; PrepareSector
</UL>
<BR>[Calls]<UL><LI><a href="#[55]">&gt;&gt;</a>&nbsp;&nbsp;&nbsp;PrepareSector
<LI><a href="#[54]">&gt;&gt;</a>&nbsp;&nbsp;&nbsp;GetSecNum
<LI><a href="#[56]">&gt;&gt;</a>&nbsp;&nbsp;&nbsp;CLKPWR_GetCLK
</UL>
<BR>[Called By]<UL><LI><a href="#[59]">&gt;&gt;</a>&nbsp;&nbsp;&nbsp;updata_func
</UL>

<P><STRONG><a name="[57]"></a>EraseSector</STRONG> (Thumb, 66 bytes, Stack size 56 bytes, lpc177x_8x_iap.o(i.EraseSector))
<BR><BR>[Stack]<UL><LI>Max Depth = 112<LI>Call Chain = EraseSector &rArr; PrepareSector
</UL>
<BR>[Calls]<UL><LI><a href="#[55]">&gt;&gt;</a>&nbsp;&nbsp;&nbsp;PrepareSector
<LI><a href="#[56]">&gt;&gt;</a>&nbsp;&nbsp;&nbsp;CLKPWR_GetCLK
</UL>
<BR>[Called By]<UL><LI><a href="#[59]">&gt;&gt;</a>&nbsp;&nbsp;&nbsp;updata_func
</UL>

<P><STRONG><a name="[54]"></a>GetSecNum</STRONG> (Thumb, 16 bytes, Stack size 0 bytes, lpc177x_8x_iap.o(i.GetSecNum))
<BR><BR>[Called By]<UL><LI><a href="#[53]">&gt;&gt;</a>&nbsp;&nbsp;&nbsp;CopyRAM2Flash
<LI><a href="#[59]">&gt;&gt;</a>&nbsp;&nbsp;&nbsp;updata_func
</UL>

<P><STRONG><a name="[58]"></a>IAP_Cmd_Run</STRONG> (Thumb, 52 bytes, Stack size 16 bytes, cmd_process.o(i.IAP_Cmd_Run))
<BR><BR>[Stack]<UL><LI>Max Depth = 192<LI>Call Chain = IAP_Cmd_Run &rArr; updata_func &rArr; CopyRAM2Flash &rArr; PrepareSector
</UL>
<BR>[Calls]<UL><LI><a href="#[59]">&gt;&gt;</a>&nbsp;&nbsp;&nbsp;updata_func
<LI><a href="#[5a]">&gt;&gt;</a>&nbsp;&nbsp;&nbsp;runAPP_func
</UL>
<BR>[Called By]<UL><LI><a href="#[49]">&gt;&gt;</a>&nbsp;&nbsp;&nbsp;main
</UL>

<P><STRONG><a name="[5b]"></a>PINSEL_ConfigPin</STRONG> (Thumb, 40 bytes, Stack size 24 bytes, lpc177x_8x_pinsel.o(i.PINSEL_ConfigPin))
<BR><BR>[Stack]<UL><LI>Max Depth = 32<LI>Call Chain = PINSEL_ConfigPin &rArr; PIN_GetPointer
</UL>
<BR>[Calls]<UL><LI><a href="#[5c]">&gt;&gt;</a>&nbsp;&nbsp;&nbsp;PIN_GetPointer
</UL>
<BR>[Called By]<UL><LI><a href="#[6a]">&gt;&gt;</a>&nbsp;&nbsp;&nbsp;debug_frmwrk_init
</UL>

<P><STRONG><a name="[55]"></a>PrepareSector</STRONG> (Thumb, 34 bytes, Stack size 56 bytes, lpc177x_8x_iap.o(i.PrepareSector))
<BR><BR>[Stack]<UL><LI>Max Depth = 56<LI>Call Chain = PrepareSector
</UL>
<BR>[Called By]<UL><LI><a href="#[57]">&gt;&gt;</a>&nbsp;&nbsp;&nbsp;EraseSector
<LI><a href="#[53]">&gt;&gt;</a>&nbsp;&nbsp;&nbsp;CopyRAM2Flash
<LI><a href="#[59]">&gt;&gt;</a>&nbsp;&nbsp;&nbsp;updata_func
</UL>

<P><STRONG><a name="[73]"></a>ReadDeviceSerialNum</STRONG> (Thumb, 58 bytes, Stack size 48 bytes, lpc177x_8x_iap.o(i.ReadDeviceSerialNum))
<BR><BR>[Stack]<UL><LI>Max Depth = 48<LI>Call Chain = ReadDeviceSerialNum
</UL>
<BR>[Called By]<UL><LI><a href="#[59]">&gt;&gt;</a>&nbsp;&nbsp;&nbsp;updata_func
</UL>

<P><STRONG><a name="[72]"></a>ReadPartID</STRONG> (Thumb, 38 bytes, Stack size 48 bytes, lpc177x_8x_iap.o(i.ReadPartID))
<BR><BR>[Stack]<UL><LI>Max Depth = 48<LI>Call Chain = ReadPartID
</UL>
<BR>[Called By]<UL><LI><a href="#[59]">&gt;&gt;</a>&nbsp;&nbsp;&nbsp;updata_func
</UL>

<P><STRONG><a name="[60]"></a>SYSTICK_ClearCounterFlag</STRONG> (Thumb, 18 bytes, Stack size 0 bytes, lpc177x_8x_systick.o(i.SYSTICK_ClearCounterFlag))
<BR><BR>[Called By]<UL><LI><a href="#[d]">&gt;&gt;</a>&nbsp;&nbsp;&nbsp;SysTick_Handler
</UL>

<P><STRONG><a name="[62]"></a>SYSTICK_Cmd</STRONG> (Thumb, 40 bytes, Stack size 0 bytes, lpc177x_8x_systick.o(i.SYSTICK_Cmd))
<BR><BR>[Called By]<UL><LI><a href="#[49]">&gt;&gt;</a>&nbsp;&nbsp;&nbsp;main
<LI><a href="#[d]">&gt;&gt;</a>&nbsp;&nbsp;&nbsp;SysTick_Handler
</UL>

<P><STRONG><a name="[61]"></a>SYSTICK_IntCmd</STRONG> (Thumb, 40 bytes, Stack size 0 bytes, lpc177x_8x_systick.o(i.SYSTICK_IntCmd))
<BR><BR>[Called By]<UL><LI><a href="#[49]">&gt;&gt;</a>&nbsp;&nbsp;&nbsp;main
<LI><a href="#[d]">&gt;&gt;</a>&nbsp;&nbsp;&nbsp;SysTick_Handler
</UL>

<P><STRONG><a name="[5d]"></a>SYSTICK_InternalInit</STRONG> (Thumb, 92 bytes, Stack size 24 bytes, lpc177x_8x_systick.o(i.SYSTICK_InternalInit))
<BR><BR>[Stack]<UL><LI>Max Depth = 24<LI>Call Chain = SYSTICK_InternalInit
</UL>
<BR>[Calls]<UL><LI><a href="#[56]">&gt;&gt;</a>&nbsp;&nbsp;&nbsp;CLKPWR_GetCLK
<LI><a href="#[5f]">&gt;&gt;</a>&nbsp;&nbsp;&nbsp;__aeabi_cfrcmple
<LI><a href="#[5e]">&gt;&gt;</a>&nbsp;&nbsp;&nbsp;__aeabi_ui2f
</UL>
<BR>[Called By]<UL><LI><a href="#[49]">&gt;&gt;</a>&nbsp;&nbsp;&nbsp;main
</UL>

<P><STRONG><a name="[d]"></a>SysTick_Handler</STRONG> (Thumb, 50 bytes, Stack size 8 bytes, main.o(i.SysTick_Handler))
<BR><BR>[Stack]<UL><LI>Max Depth = 8<LI>Call Chain = SysTick_Handler
</UL>
<BR>[Calls]<UL><LI><a href="#[61]">&gt;&gt;</a>&nbsp;&nbsp;&nbsp;SYSTICK_IntCmd
<LI><a href="#[62]">&gt;&gt;</a>&nbsp;&nbsp;&nbsp;SYSTICK_Cmd
<LI><a href="#[60]">&gt;&gt;</a>&nbsp;&nbsp;&nbsp;SYSTICK_ClearCounterFlag
<LI><a href="#[5a]">&gt;&gt;</a>&nbsp;&nbsp;&nbsp;runAPP_func
</UL>
<BR>[Address Reference Count : 1]<UL><LI> startup_lpc17xx.o(RESET)
</UL>
<P><STRONG><a name="[6d]"></a>SystemInit</STRONG> (Thumb, 188 bytes, Stack size 0 bytes, system_lpc177x_8x.o(i.SystemInit))
<BR><BR>[Called By]<UL><LI><a href="#[49]">&gt;&gt;</a>&nbsp;&nbsp;&nbsp;main
</UL>

<P><STRONG><a name="[3c]"></a>UARTGetChar</STRONG> (Thumb, 26 bytes, Stack size 16 bytes, debug_frmwrk.o(i.UARTGetChar))
<BR><BR>[Stack]<UL><LI>Max Depth = 44<LI>Call Chain = UARTGetChar &rArr; UART_Receive
</UL>
<BR>[Calls]<UL><LI><a href="#[63]">&gt;&gt;</a>&nbsp;&nbsp;&nbsp;UART_Receive
</UL>
<BR>[Called By]<UL><LI><a href="#[59]">&gt;&gt;</a>&nbsp;&nbsp;&nbsp;updata_func
<LI><a href="#[49]">&gt;&gt;</a>&nbsp;&nbsp;&nbsp;main
</UL>
<BR>[Address Reference Count : 1]<UL><LI> debug_frmwrk.o(i.debug_frmwrk_init)
</UL>
<P><STRONG><a name="[3e]"></a>UARTGetCharInNonBlock</STRONG> (Thumb, 34 bytes, Stack size 16 bytes, debug_frmwrk.o(i.UARTGetCharInNonBlock))
<BR><BR>[Stack]<UL><LI>Max Depth = 44<LI>Call Chain = UARTGetCharInNonBlock &rArr; UART_Receive
</UL>
<BR>[Calls]<UL><LI><a href="#[63]">&gt;&gt;</a>&nbsp;&nbsp;&nbsp;UART_Receive
</UL>
<BR>[Address Reference Count : 1]<UL><LI> debug_frmwrk.o(i.debug_frmwrk_init)
</UL>
<P><STRONG><a name="[3d]"></a>UARTGetValue</STRONG> (Thumb, 348 bytes, Stack size 64 bytes, debug_frmwrk.o(i.UARTGetValue))
<BR><BR>[Stack]<UL><LI>Max Depth = 132<LI>Call Chain = UARTGetValue &rArr; UARTPuts &rArr; UARTPutChar &rArr; UART_Send
</UL>
<BR>[Calls]<UL><LI><a href="#[63]">&gt;&gt;</a>&nbsp;&nbsp;&nbsp;UART_Receive
<LI><a href="#[30]">&gt;&gt;</a>&nbsp;&nbsp;&nbsp;UARTPuts
<LI><a href="#[32]">&gt;&gt;</a>&nbsp;&nbsp;&nbsp;UARTPutChar
</UL>
<BR>[Address Reference Count : 1]<UL><LI> debug_frmwrk.o(i.debug_frmwrk_init)
</UL>
<P><STRONG><a name="[32]"></a>UARTPutChar</STRONG> (Thumb, 18 bytes, Stack size 16 bytes, debug_frmwrk.o(i.UARTPutChar))
<BR><BR>[Stack]<UL><LI>Max Depth = 52<LI>Call Chain = UARTPutChar &rArr; UART_Send
</UL>
<BR>[Calls]<UL><LI><a href="#[64]">&gt;&gt;</a>&nbsp;&nbsp;&nbsp;UART_Send
</UL>
<BR>[Called By]<UL><LI><a href="#[30]">&gt;&gt;</a>&nbsp;&nbsp;&nbsp;UARTPuts
<LI><a href="#[36]">&gt;&gt;</a>&nbsp;&nbsp;&nbsp;UARTPutHex_
<LI><a href="#[38]">&gt;&gt;</a>&nbsp;&nbsp;&nbsp;UARTPutHex32_
<LI><a href="#[35]">&gt;&gt;</a>&nbsp;&nbsp;&nbsp;UARTPutHex32
<LI><a href="#[37]">&gt;&gt;</a>&nbsp;&nbsp;&nbsp;UARTPutHex16_
<LI><a href="#[34]">&gt;&gt;</a>&nbsp;&nbsp;&nbsp;UARTPutHex16
<LI><a href="#[33]">&gt;&gt;</a>&nbsp;&nbsp;&nbsp;UARTPutHex
<LI><a href="#[3b]">&gt;&gt;</a>&nbsp;&nbsp;&nbsp;UARTPutDec32
<LI><a href="#[3a]">&gt;&gt;</a>&nbsp;&nbsp;&nbsp;UARTPutDec16
<LI><a href="#[39]">&gt;&gt;</a>&nbsp;&nbsp;&nbsp;UARTPutDec
<LI><a href="#[3d]">&gt;&gt;</a>&nbsp;&nbsp;&nbsp;UARTGetValue
</UL>
<BR>[Address Reference Count : 1]<UL><LI> debug_frmwrk.o(i.debug_frmwrk_init)
</UL>
<P><STRONG><a name="[39]"></a>UARTPutDec</STRONG> (Thumb, 96 bytes, Stack size 24 bytes, debug_frmwrk.o(i.UARTPutDec))
<BR><BR>[Stack]<UL><LI>Max Depth = 76<LI>Call Chain = UARTPutDec &rArr; UARTPutChar &rArr; UART_Send
</UL>
<BR>[Calls]<UL><LI><a href="#[32]">&gt;&gt;</a>&nbsp;&nbsp;&nbsp;UARTPutChar
</UL>
<BR>[Address Reference Count : 1]<UL><LI> debug_frmwrk.o(i.debug_frmwrk_init)
</UL>
<P><STRONG><a name="[3a]"></a>UARTPutDec16</STRONG> (Thumb, 160 bytes, Stack size 32 bytes, debug_frmwrk.o(i.UARTPutDec16))
<BR><BR>[Stack]<UL><LI>Max Depth = 84<LI>Call Chain = UARTPutDec16 &rArr; UARTPutChar &rArr; UART_Send
</UL>
<BR>[Calls]<UL><LI><a href="#[32]">&gt;&gt;</a>&nbsp;&nbsp;&nbsp;UARTPutChar
</UL>
<BR>[Address Reference Count : 1]<UL><LI> debug_frmwrk.o(i.debug_frmwrk_init)
</UL>
<P><STRONG><a name="[3b]"></a>UARTPutDec32</STRONG> (Thumb, 280 bytes, Stack size 56 bytes, debug_frmwrk.o(i.UARTPutDec32))
<BR><BR>[Stack]<UL><LI>Max Depth = 108<LI>Call Chain = UARTPutDec32 &rArr; UARTPutChar &rArr; UART_Send
</UL>
<BR>[Calls]<UL><LI><a href="#[32]">&gt;&gt;</a>&nbsp;&nbsp;&nbsp;UARTPutChar
</UL>
<BR>[Address Reference Count : 1]<UL><LI> debug_frmwrk.o(i.debug_frmwrk_init)
</UL>
<P><STRONG><a name="[33]"></a>UARTPutHex</STRONG> (Thumb, 66 bytes, Stack size 24 bytes, debug_frmwrk.o(i.UARTPutHex))
<BR><BR>[Stack]<UL><LI>Max Depth = 92<LI>Call Chain = UARTPutHex &rArr; UARTPuts &rArr; UARTPutChar &rArr; UART_Send
</UL>
<BR>[Calls]<UL><LI><a href="#[30]">&gt;&gt;</a>&nbsp;&nbsp;&nbsp;UARTPuts
<LI><a href="#[32]">&gt;&gt;</a>&nbsp;&nbsp;&nbsp;UARTPutChar
</UL>
<BR>[Address Reference Count : 1]<UL><LI> debug_frmwrk.o(i.debug_frmwrk_init)
</UL>
<P><STRONG><a name="[34]"></a>UARTPutHex16</STRONG> (Thumb, 66 bytes, Stack size 24 bytes, debug_frmwrk.o(i.UARTPutHex16))
<BR><BR>[Stack]<UL><LI>Max Depth = 92<LI>Call Chain = UARTPutHex16 &rArr; UARTPuts &rArr; UARTPutChar &rArr; UART_Send
</UL>
<BR>[Calls]<UL><LI><a href="#[30]">&gt;&gt;</a>&nbsp;&nbsp;&nbsp;UARTPuts
<LI><a href="#[32]">&gt;&gt;</a>&nbsp;&nbsp;&nbsp;UARTPutChar
</UL>
<BR>[Address Reference Count : 1]<UL><LI> debug_frmwrk.o(i.debug_frmwrk_init)
</UL>
<P><STRONG><a name="[37]"></a>UARTPutHex16_</STRONG> (Thumb, 58 bytes, Stack size 24 bytes, debug_frmwrk.o(i.UARTPutHex16_))
<BR><BR>[Stack]<UL><LI>Max Depth = 76<LI>Call Chain = UARTPutHex16_ &rArr; UARTPutChar &rArr; UART_Send
</UL>
<BR>[Calls]<UL><LI><a href="#[32]">&gt;&gt;</a>&nbsp;&nbsp;&nbsp;UARTPutChar
</UL>
<BR>[Address Reference Count : 1]<UL><LI> debug_frmwrk.o(i.debug_frmwrk_init)
</UL>
<P><STRONG><a name="[35]"></a>UARTPutHex32</STRONG> (Thumb, 66 bytes, Stack size 24 bytes, debug_frmwrk.o(i.UARTPutHex32))
<BR><BR>[Stack]<UL><LI>Max Depth = 92<LI>Call Chain = UARTPutHex32 &rArr; UARTPuts &rArr; UARTPutChar &rArr; UART_Send
</UL>
<BR>[Calls]<UL><LI><a href="#[30]">&gt;&gt;</a>&nbsp;&nbsp;&nbsp;UARTPuts
<LI><a href="#[32]">&gt;&gt;</a>&nbsp;&nbsp;&nbsp;UARTPutChar
</UL>
<BR>[Address Reference Count : 1]<UL><LI> debug_frmwrk.o(i.debug_frmwrk_init)
</UL>
<P><STRONG><a name="[38]"></a>UARTPutHex32_</STRONG> (Thumb, 58 bytes, Stack size 24 bytes, debug_frmwrk.o(i.UARTPutHex32_))
<BR><BR>[Stack]<UL><LI>Max Depth = 76<LI>Call Chain = UARTPutHex32_ &rArr; UARTPutChar &rArr; UART_Send
</UL>
<BR>[Calls]<UL><LI><a href="#[32]">&gt;&gt;</a>&nbsp;&nbsp;&nbsp;UARTPutChar
</UL>
<BR>[Address Reference Count : 1]<UL><LI> debug_frmwrk.o(i.debug_frmwrk_init)
</UL>
<P><STRONG><a name="[36]"></a>UARTPutHex_</STRONG> (Thumb, 58 bytes, Stack size 24 bytes, debug_frmwrk.o(i.UARTPutHex_))
<BR><BR>[Stack]<UL><LI>Max Depth = 76<LI>Call Chain = UARTPutHex_ &rArr; UARTPutChar &rArr; UART_Send
</UL>
<BR>[Calls]<UL><LI><a href="#[32]">&gt;&gt;</a>&nbsp;&nbsp;&nbsp;UARTPutChar
</UL>
<BR>[Address Reference Count : 1]<UL><LI> debug_frmwrk.o(i.debug_frmwrk_init)
</UL>
<P><STRONG><a name="[30]"></a>UARTPuts</STRONG> (Thumb, 28 bytes, Stack size 16 bytes, debug_frmwrk.o(i.UARTPuts))
<BR><BR>[Stack]<UL><LI>Max Depth = 68<LI>Call Chain = UARTPuts &rArr; UARTPutChar &rArr; UART_Send
</UL>
<BR>[Calls]<UL><LI><a href="#[32]">&gt;&gt;</a>&nbsp;&nbsp;&nbsp;UARTPutChar
</UL>
<BR>[Called By]<UL><LI><a href="#[31]">&gt;&gt;</a>&nbsp;&nbsp;&nbsp;UARTPuts_
<LI><a href="#[35]">&gt;&gt;</a>&nbsp;&nbsp;&nbsp;UARTPutHex32
<LI><a href="#[34]">&gt;&gt;</a>&nbsp;&nbsp;&nbsp;UARTPutHex16
<LI><a href="#[33]">&gt;&gt;</a>&nbsp;&nbsp;&nbsp;UARTPutHex
<LI><a href="#[3d]">&gt;&gt;</a>&nbsp;&nbsp;&nbsp;UARTGetValue
</UL>
<BR>[Address Reference Count : 1]<UL><LI> debug_frmwrk.o(i.debug_frmwrk_init)
</UL>
<P><STRONG><a name="[31]"></a>UARTPuts_</STRONG> (Thumb, 24 bytes, Stack size 16 bytes, debug_frmwrk.o(i.UARTPuts_))
<BR><BR>[Stack]<UL><LI>Max Depth = 84<LI>Call Chain = UARTPuts_ &rArr; UARTPuts &rArr; UARTPutChar &rArr; UART_Send
</UL>
<BR>[Calls]<UL><LI><a href="#[30]">&gt;&gt;</a>&nbsp;&nbsp;&nbsp;UARTPuts
</UL>
<BR>[Address Reference Count : 1]<UL><LI> debug_frmwrk.o(i.debug_frmwrk_init)
</UL>
<P><STRONG><a name="[6b]"></a>UART_ConfigStructInit</STRONG> (Thumb, 18 bytes, Stack size 0 bytes, lpc177x_8x_uart.o(i.UART_ConfigStructInit))
<BR><BR>[Called By]<UL><LI><a href="#[6a]">&gt;&gt;</a>&nbsp;&nbsp;&nbsp;debug_frmwrk_init
</UL>

<P><STRONG><a name="[65]"></a>UART_Init</STRONG> (Thumb, 308 bytes, Stack size 16 bytes, lpc177x_8x_uart.o(i.UART_Init))
<BR><BR>[Stack]<UL><LI>Max Depth = 144<LI>Call Chain = UART_Init &rArr; uart_set_divisors &rArr; __aeabi_uldivmod
</UL>
<BR>[Calls]<UL><LI><a href="#[66]">&gt;&gt;</a>&nbsp;&nbsp;&nbsp;CLKPWR_ConfigPPWR
<LI><a href="#[67]">&gt;&gt;</a>&nbsp;&nbsp;&nbsp;uart_set_divisors
</UL>
<BR>[Called By]<UL><LI><a href="#[6a]">&gt;&gt;</a>&nbsp;&nbsp;&nbsp;debug_frmwrk_init
</UL>

<P><STRONG><a name="[63]"></a>UART_Receive</STRONG> (Thumb, 114 bytes, Stack size 28 bytes, lpc177x_8x_uart.o(i.UART_Receive))
<BR><BR>[Stack]<UL><LI>Max Depth = 28<LI>Call Chain = UART_Receive
</UL>
<BR>[Calls]<UL><LI><a href="#[68]">&gt;&gt;</a>&nbsp;&nbsp;&nbsp;UART_ReceiveByte
</UL>
<BR>[Called By]<UL><LI><a href="#[3d]">&gt;&gt;</a>&nbsp;&nbsp;&nbsp;UARTGetValue
<LI><a href="#[3e]">&gt;&gt;</a>&nbsp;&nbsp;&nbsp;UARTGetCharInNonBlock
<LI><a href="#[3c]">&gt;&gt;</a>&nbsp;&nbsp;&nbsp;UARTGetChar
</UL>

<P><STRONG><a name="[68]"></a>UART_ReceiveByte</STRONG> (Thumb, 16 bytes, Stack size 0 bytes, lpc177x_8x_uart.o(i.UART_ReceiveByte))
<BR><BR>[Called By]<UL><LI><a href="#[63]">&gt;&gt;</a>&nbsp;&nbsp;&nbsp;UART_Receive
</UL>

<P><STRONG><a name="[64]"></a>UART_Send</STRONG> (Thumb, 152 bytes, Stack size 36 bytes, lpc177x_8x_uart.o(i.UART_Send))
<BR><BR>[Stack]<UL><LI>Max Depth = 36<LI>Call Chain = UART_Send
</UL>
<BR>[Calls]<UL><LI><a href="#[69]">&gt;&gt;</a>&nbsp;&nbsp;&nbsp;UART_SendByte
</UL>
<BR>[Called By]<UL><LI><a href="#[32]">&gt;&gt;</a>&nbsp;&nbsp;&nbsp;UARTPutChar
</UL>

<P><STRONG><a name="[69]"></a>UART_SendByte</STRONG> (Thumb, 14 bytes, Stack size 0 bytes, lpc177x_8x_uart.o(i.UART_SendByte))
<BR><BR>[Called By]<UL><LI><a href="#[64]">&gt;&gt;</a>&nbsp;&nbsp;&nbsp;UART_Send
</UL>

<P><STRONG><a name="[6c]"></a>UART_TxCmd</STRONG> (Thumb, 68 bytes, Stack size 0 bytes, lpc177x_8x_uart.o(i.UART_TxCmd))
<BR><BR>[Called By]<UL><LI><a href="#[6a]">&gt;&gt;</a>&nbsp;&nbsp;&nbsp;debug_frmwrk_init
</UL>

<P><STRONG><a name="[6a]"></a>debug_frmwrk_init</STRONG> (Thumb, 136 bytes, Stack size 16 bytes, debug_frmwrk.o(i.debug_frmwrk_init))
<BR><BR>[Stack]<UL><LI>Max Depth = 160<LI>Call Chain = debug_frmwrk_init &rArr; UART_Init &rArr; uart_set_divisors &rArr; __aeabi_uldivmod
</UL>
<BR>[Calls]<UL><LI><a href="#[6c]">&gt;&gt;</a>&nbsp;&nbsp;&nbsp;UART_TxCmd
<LI><a href="#[65]">&gt;&gt;</a>&nbsp;&nbsp;&nbsp;UART_Init
<LI><a href="#[6b]">&gt;&gt;</a>&nbsp;&nbsp;&nbsp;UART_ConfigStructInit
<LI><a href="#[5b]">&gt;&gt;</a>&nbsp;&nbsp;&nbsp;PINSEL_ConfigPin
</UL>
<BR>[Called By]<UL><LI><a href="#[49]">&gt;&gt;</a>&nbsp;&nbsp;&nbsp;main
</UL>

<P><STRONG><a name="[49]"></a>main</STRONG> (Thumb, 184 bytes, Stack size 0 bytes, main.o(i.main))
<BR><BR>[Stack]<UL><LI>Max Depth = 192<LI>Call Chain = main &rArr; IAP_Cmd_Run &rArr; updata_func &rArr; CopyRAM2Flash &rArr; PrepareSector
</UL>
<BR>[Calls]<UL><LI><a href="#[5d]">&gt;&gt;</a>&nbsp;&nbsp;&nbsp;SYSTICK_InternalInit
<LI><a href="#[61]">&gt;&gt;</a>&nbsp;&nbsp;&nbsp;SYSTICK_IntCmd
<LI><a href="#[62]">&gt;&gt;</a>&nbsp;&nbsp;&nbsp;SYSTICK_Cmd
<LI><a href="#[6a]">&gt;&gt;</a>&nbsp;&nbsp;&nbsp;debug_frmwrk_init
<LI><a href="#[3c]">&gt;&gt;</a>&nbsp;&nbsp;&nbsp;UARTGetChar
<LI><a href="#[6e]">&gt;&gt;</a>&nbsp;&nbsp;&nbsp;strstr
<LI><a href="#[6d]">&gt;&gt;</a>&nbsp;&nbsp;&nbsp;SystemInit
<LI><a href="#[58]">&gt;&gt;</a>&nbsp;&nbsp;&nbsp;IAP_Cmd_Run
</UL>
<BR>[Called By]<UL><LI><a href="#[48]">&gt;&gt;</a>&nbsp;&nbsp;&nbsp;__rt_entry_main
</UL>

<P><STRONG><a name="[5a]"></a>runAPP_func</STRONG> (Thumb, 66 bytes, Stack size 0 bytes, main.o(i.runAPP_func))
<BR><BR>[Called By]<UL><LI><a href="#[58]">&gt;&gt;</a>&nbsp;&nbsp;&nbsp;IAP_Cmd_Run
<LI><a href="#[d]">&gt;&gt;</a>&nbsp;&nbsp;&nbsp;SysTick_Handler
</UL>

<P><STRONG><a name="[59]"></a>updata_func</STRONG> (Thumb, 522 bytes, Stack size 56 bytes, cmd_process.o(i.updata_func))
<BR><BR>[Stack]<UL><LI>Max Depth = 176<LI>Call Chain = updata_func &rArr; CopyRAM2Flash &rArr; PrepareSector
</UL>
<BR>[Calls]<UL><LI><a href="#[72]">&gt;&gt;</a>&nbsp;&nbsp;&nbsp;ReadPartID
<LI><a href="#[73]">&gt;&gt;</a>&nbsp;&nbsp;&nbsp;ReadDeviceSerialNum
<LI><a href="#[55]">&gt;&gt;</a>&nbsp;&nbsp;&nbsp;PrepareSector
<LI><a href="#[54]">&gt;&gt;</a>&nbsp;&nbsp;&nbsp;GetSecNum
<LI><a href="#[57]">&gt;&gt;</a>&nbsp;&nbsp;&nbsp;EraseSector
<LI><a href="#[53]">&gt;&gt;</a>&nbsp;&nbsp;&nbsp;CopyRAM2Flash
<LI><a href="#[74]">&gt;&gt;</a>&nbsp;&nbsp;&nbsp;BlankCheckSector
<LI><a href="#[70]">&gt;&gt;</a>&nbsp;&nbsp;&nbsp;CRC_Init
<LI><a href="#[71]">&gt;&gt;</a>&nbsp;&nbsp;&nbsp;CRC_CalcBlockChecksum
<LI><a href="#[3c]">&gt;&gt;</a>&nbsp;&nbsp;&nbsp;UARTGetChar
</UL>
<BR>[Called By]<UL><LI><a href="#[58]">&gt;&gt;</a>&nbsp;&nbsp;&nbsp;IAP_Cmd_Run
</UL>

<P><STRONG><a name="[77]"></a>__fpl_fcmp_Inf</STRONG> (Thumb, 24 bytes, Stack size 0 bytes, fcmpi.o(x$fpl$fcmpinf), UNUSED)
<BR><BR>[Called By]<UL><LI><a href="#[75]">&gt;&gt;</a>&nbsp;&nbsp;&nbsp;_fcmple
</UL>

<P><STRONG><a name="[5e]"></a>__aeabi_ui2f</STRONG> (Thumb, 0 bytes, Stack size 0 bytes, fflt_clz.o(x$fpl$ffltu))
<BR><BR>[Called By]<UL><LI><a href="#[5d]">&gt;&gt;</a>&nbsp;&nbsp;&nbsp;SYSTICK_InternalInit
</UL>

<P><STRONG><a name="[a6]"></a>_ffltu</STRONG> (Thumb, 38 bytes, Stack size 0 bytes, fflt_clz.o(x$fpl$ffltu), UNUSED)

<P><STRONG><a name="[a7]"></a>__aeabi_cfcmple</STRONG> (Thumb, 0 bytes, Stack size 16 bytes, fleqf.o(x$fpl$fleqf), UNUSED)

<P><STRONG><a name="[75]"></a>_fcmple</STRONG> (Thumb, 104 bytes, Stack size 16 bytes, fleqf.o(x$fpl$fleqf), UNUSED)
<BR><BR>[Calls]<UL><LI><a href="#[76]">&gt;&gt;</a>&nbsp;&nbsp;&nbsp;__fpl_fnaninf
<LI><a href="#[77]">&gt;&gt;</a>&nbsp;&nbsp;&nbsp;__fpl_fcmp_Inf
</UL>

<P><STRONG><a name="[79]"></a>__fpl_fcmple_InfNaN</STRONG> (Thumb, 0 bytes, Stack size unknown bytes, fleqf.o(x$fpl$fleqf), UNUSED)
<BR><BR>[Called By]<UL><LI><a href="#[78]">&gt;&gt;</a>&nbsp;&nbsp;&nbsp;_frcmple
</UL>

<P><STRONG><a name="[76]"></a>__fpl_fnaninf</STRONG> (Thumb, 140 bytes, Stack size 8 bytes, fnaninf.o(x$fpl$fnaninf), UNUSED)
<BR><BR>[Called By]<UL><LI><a href="#[75]">&gt;&gt;</a>&nbsp;&nbsp;&nbsp;_fcmple
</UL>

<P><STRONG><a name="[5f]"></a>__aeabi_cfrcmple</STRONG> (Thumb, 0 bytes, Stack size 0 bytes, frleqf.o(x$fpl$frleqf))
<BR><BR>[Called By]<UL><LI><a href="#[5d]">&gt;&gt;</a>&nbsp;&nbsp;&nbsp;SYSTICK_InternalInit
</UL>

<P><STRONG><a name="[78]"></a>_frcmple</STRONG> (Thumb, 98 bytes, Stack size 0 bytes, frleqf.o(x$fpl$frleqf), UNUSED)
<BR><BR>[Calls]<UL><LI><a href="#[79]">&gt;&gt;</a>&nbsp;&nbsp;&nbsp;__fpl_fcmple_InfNaN
</UL>
<P>
<H3>
Local Symbols
</H3>
<P><STRONG><a name="[5c]"></a>PIN_GetPointer</STRONG> (Thumb, 18 bytes, Stack size 8 bytes, lpc177x_8x_pinsel.o(i.PIN_GetPointer))
<BR><BR>[Stack]<UL><LI>Max Depth = 8<LI>Call Chain = PIN_GetPointer
</UL>
<BR>[Called By]<UL><LI><a href="#[5b]">&gt;&gt;</a>&nbsp;&nbsp;&nbsp;PINSEL_ConfigPin
</UL>

<P><STRONG><a name="[67]"></a>uart_set_divisors</STRONG> (Thumb, 400 bytes, Stack size 80 bytes, lpc177x_8x_uart.o(i.uart_set_divisors))
<BR><BR>[Stack]<UL><LI>Max Depth = 128<LI>Call Chain = uart_set_divisors &rArr; __aeabi_uldivmod
</UL>
<BR>[Calls]<UL><LI><a href="#[56]">&gt;&gt;</a>&nbsp;&nbsp;&nbsp;CLKPWR_GetCLK
<LI><a href="#[6f]">&gt;&gt;</a>&nbsp;&nbsp;&nbsp;__aeabi_uldivmod
</UL>
<BR>[Called By]<UL><LI><a href="#[65]">&gt;&gt;</a>&nbsp;&nbsp;&nbsp;UART_Init
</UL>

<P><STRONG><a name="[4f]"></a>APP</STRONG> (Thumb, 26 bytes, Stack size 0 bytes, startup_lpc17xx.o(.text))
<BR><BR>[Called By]<UL><LI><a href="#[4]">&gt;&gt;</a>&nbsp;&nbsp;&nbsp;Reset_Handler
</UL>
<P>
<H3>
Undefined Global Symbols
</H3><HR></body></html>
