<html>
<body>
<pre>
<h1>µVision Build Log</h1>
<h2>Tool Versions:</h2>
IDE-Version: ¦ÌVision V5.18.0.0
Copyright (C) 2016 ARM Ltd and ARM Germany GmbH. All rights reserved.
License Information: d fs, dfs, LIC=KRMUH-W3GIV-3ZZW1-CIGQW-1XVR5-ZFUT4
 
Tool Versions:
Toolchain:       MDK-ARM Standard  Version: 5.18
Toolchain Path:  D:\Keil\ARM\ARMCC\Bin
C Compiler:      Armcc.exe V5.06 update 1 (build 61)
Assembler:       Armasm.exe V5.06 update 1 (build 61)
Linker/Locator:  ArmLink.exe V5.06 update 1 (build 61)
Library Manager: ArmAr.exe V5.06 update 1 (build 61)
Hex Converter:   FromElf.exe V5.06 update 1 (build 61)
CPU DLL:         SARMCM3.DLL V5.18
Dialog DLL:      DCM.DLL V1.13.6.0
Target DLL:      Segger\JL2CM3.dll V2.99.18.0
Dialog DLL:      TCM.DLL V1.14.8.0
 
<h2>Project:</h2>
E:\Work\IAPPRO\Project\IAPBOOT.uvprojx
Project File Date:  11/01/2017

<h2>Output:</h2>
*** Using Compiler 'V5.06 update 1 (build 61)', folder: 'D:\Keil\ARM\ARMCC\Bin'
*** Note: Rebuilding project, since 'Options->Output->Create Batch File' is selected.
Rebuild target 'Project'
compiling debug_frmwrk.c...
compiling lpc177x_8x_crc.c...
compiling lpc177x_8x_pinsel.c...
compiling lpc177x_8x_uart.c...
compiling lpc177x_8x_clkpwr.c...
compiling lpc177x_8x_iap.c...
compiling lpc177x_8x_systick.c...
compiling lpc177x_8x_gpio.c...
compiling main.c...
..\User\main.c(95): warning:  #111-D: statement is unreachable
      return 0;
..\User\main.c: 1 warning, 0 errors
assembling startup_LPC17xx.s...
compiling core_cm3.c...
compiling system_LPC177x_8x.c...
compiling cmd_process.c...
linking...
Program Size: Code=6720 RO-data=320 RW-data=100 ZI-data=4716  
FromELF: creating hex file...
".\Objects\IAPBOOT.axf" - 0 Error(s), 1 Warning(s).

<h2>Collection of Component include folders:</h2>
  E:\Work\IAPPRO\Project\RTE
  D:\Keil\ARM\PACK\Keil\LPC1700_DFP\2.3.0\Device\Include

<h2>Collection of Component Files used:</h2>
Build Time Elapsed:  00:00:01
</pre>
</body>
</html>
